Modules list:
-------------
concpy.o:
    CODE              Offs=000000  Size=000019  Align=00001  Fill=0000
bu6502.lib(condes.o):
    CODE              Offs=000019  Size=00000C  Align=00001  Fill=0000
    DATA              Offs=000000  Size=000025  Align=00001  Fill=0000
    INIT              Offs=000000  Size=00000C  Align=00001  Fill=0000
bu6502.lib(copydata.o):
    CODE              Offs=000025  Size=00002D  Align=00001  Fill=0000
bu6502.lib(decsp1.o):
    CODE              Offs=000052  Size=000009  Align=00001  Fill=0000
bu6502.lib(incsp1.o):
    CODE              Offs=00005B  Size=000007  Align=00001  Fill=0000
bu6502.lib(zerobss.o):
    INIT              Offs=00000C  Size=000023  Align=00001  Fill=0000
bu6502.lib(zeropage.o):
    ZEROPAGE          Offs=000000  Size=00001A  Align=00001  Fill=0000
bu6502.lib(bu6502interrupt.o):
    CODE              Offs=000062  Size=000013  Align=00001  Fill=0000
bu6502.lib(crt0.o):
    STARTUP           Offs=000000  Size=00001C  Align=00001  Fill=0000
    VECTORS           Offs=000000  Size=000006  Align=00001  Fill=0000


Segment list:
-------------
Name                   Start     End    Size  Align
----------------------------------------------------
ZEROPAGE              000000  000019  00001A  00001
DATA                  000200  000224  000025  00001
STARTUP               000500  00051B  00001C  00001
INIT                  00051C  00054A  00002F  00001
CODE                  00054B  0005BF  000075  00001
VECTORS               00FFFA  00FFFF  000006  00001


Exports list:
-------------
__BSS_RUN__               0005C0 RLA    __BSS_SIZE__              000000 REA    
__CONSTRUCTOR_COUNT__     000000 REA    __CONSTRUCTOR_TABLE__     00051C RLA    
__DATA_LOAD__             000200 RLA    __DATA_RUN__              000200 RLA    
__DATA_SIZE__             000025 REA    __DESTRUCTOR_COUNT__      000000 REA    
__DESTRUCTOR_TABLE__      00051C RLA    __STACKSTART__            00FEFF REA    
__STARTUP__               000001 REA    _irq_int                  0005AE RLA    
_main                     00054B RLA    _nmi_int                  0005AD RLA    
copydata                  000570 RLA    decsp1                    00059D RLA    
donelib                   000564 RLA    incsp1                    0005A6 RLA    
initlib                   00051C RLA    ptr1                      000008 RLZ    
ptr2                      00000A RLZ    sp                        000000 RLZ    
tmp1                      000010 RLZ    zerobss                   000528 RLA    



Imports list:
-------------
__BSS_RUN__ ([linker generated]):
    zerobss.o                 common/zerobss.s(8)
__BSS_SIZE__ ([linker generated]):
    zerobss.o                 common/zerobss.s(8)
__CONSTRUCTOR_COUNT__ ([linker generated]):
    condes.o                  runtime/condes.s(18)
__CONSTRUCTOR_TABLE__ ([linker generated]):
    condes.o                  runtime/condes.s(18)
__DATA_LOAD__ ([linker generated]):
    copydata.o                common/copydata.s(8)
__DATA_RUN__ ([linker generated]):
    copydata.o                common/copydata.s(8)
__DATA_SIZE__ ([linker generated]):
    copydata.o                common/copydata.s(8)
__DESTRUCTOR_COUNT__ ([linker generated]):
    condes.o                  runtime/condes.s(19)
__DESTRUCTOR_TABLE__ ([linker generated]):
    condes.o                  runtime/condes.s(19)
__STACKSTART__ ([linker generated]):
    crt0.o                    crt0.s(12)
__STARTUP__ (crt0.o):
    concpy.o                  concpy.s(13)
_irq_int (bu6502interrupt.o):
    crt0.o                    crt0.s(9)
_main (concpy.o):
    crt0.o                    crt0.s(9)
_nmi_int (bu6502interrupt.o):
    crt0.o                    crt0.s(9)
copydata (copydata.o):
    crt0.o                    crt0.s(13)
decsp1 (decsp1.o):
    concpy.o                  concpy.s(38)
donelib (condes.o):
    crt0.o                    crt0.s(13)
incsp1 (incsp1.o):
    concpy.o                  concpy.s(38)
initlib (condes.o):
    crt0.o                    crt0.s(13)
ptr1 (zeropage.o):
    zerobss.o                 common/zerobss.s(9)
    copydata.o                common/copydata.s(9)
ptr2 (zeropage.o):
    copydata.o                common/copydata.s(9)
sp (zeropage.o):
    crt0.o                    /Users/tu/Documents/MLProject/datasources/6502/ext/install/share/cc65/asminc/zeropage.inc(11)
    incsp1.o                  runtime/incsp1.s(8)
    decsp1.o                  runtime/decsp1.s(8)
    concpy.o                  concpy.s(10)
tmp1 (zeropage.o):
    copydata.o                common/copydata.s(9)
zerobss (zerobss.o):
    crt0.o                    crt0.s(13)

