ca65 V2.14.0
Main file   : ctype.s
Current file: ctype.s

000000r 1               ;
000000r 1               ; Ullrich von Bassewitz, 2003-10-10
000000r 1               ;
000000r 1               ; Character specification table.
000000r 1               ;
000000r 1               
000000r 1               	.include	"ctype.inc"
000000r 2               ;
000000r 2               ; Definitions for the character type tables
000000r 2               ;
000000r 2               ; Ullrich von Bassewitz, 08.09.2001
000000r 2               ;
000000r 2               
000000r 2               ; Make the __ctype table an exported/imported symbol
000000r 2               
000000r 2                       .global    __ctype
000000r 2               
000000r 2               ; Define bitmapped constants for the table entries
000000r 2               
000000r 2               CT_NONE         = $00           ; Nothing special
000000r 2               CT_LOWER        = $01           ; 0 - Lower case char
000000r 2               CT_UPPER        = $02           ; 1 - Upper case char
000000r 2               CT_DIGIT        = $04           ; 2 - Numeric digit
000000r 2               CT_XDIGIT       = $08           ; 3 - Hex digit (both, lower and upper)
000000r 2               CT_CTRL         = $10           ; 4 - Control character
000000r 2               CT_SPACE        = $20           ; 5 - The space character itself
000000r 2               CT_OTHER_WS     = $40           ; 6 - Other whitespace ('\f', '\n', '\r', '\t' and '\v')
000000r 2               CT_SPACE_TAB    = $80           ; 7 - Space or tab character
000000r 2               
000000r 2               ; Combined stuff
000000r 2               CT_ALNUM        = (CT_LOWER | CT_UPPER | CT_DIGIT)
000000r 2               CT_ALPHA        = (CT_LOWER | CT_UPPER)
000000r 2               CT_CTRL_SPACE   = (CT_CTRL | CT_SPACE)
000000r 2               CT_NOT_PUNCT    = (CT_SPACE | CT_CTRL | CT_DIGIT | CT_UPPER | CT_LOWER)
000000r 2               
000000r 2               
000000r 2               
000000r 1               
000000r 1               ; The tables are readonly, put them into the rodata segment
000000r 1               
000000r 1               .rodata
000000r 1               
000000r 1               ; The following 256 byte wide table specifies attributes for the isxxx type
000000r 1               ; of functions. Doing it by a table means some overhead in space, but it
000000r 1               ; has major advantages:
000000r 1               ;
000000r 1               ;   * It is fast. If it weren't for the slow parameter passing of cc65, one
000000r 1               ;     could even define macros for the isxxx functions (this is usually
000000r 1               ;     done on other platforms).
000000r 1               ;
000000r 1               ;   * It is highly portable. The only unportable part is the table itself,
000000r 1               ;     all real code goes into the common library.
000000r 1               ;
000000r 1               ;   * We save some code in the isxxx functions.
000000r 1               
000000r 1               
000000r 1               __ctype:
000000r 1  10                  	.byte  	CT_CTRL			;   0/00 ___ctrl_@___
000001r 1  10           	.byte	CT_CTRL			;   1/01 ___ctrl_A___
000002r 1  10           	.byte	CT_CTRL			;   2/02 ___ctrl_B___
000003r 1  10           	.byte	CT_CTRL			;   3/03 ___ctrl_C___
000004r 1  10           	.byte	CT_CTRL			;   4/04 ___ctrl_D___
000005r 1  10           	.byte	CT_CTRL			;   5/05 ___ctrl_E___
000006r 1  10           	.byte	CT_CTRL			;   6/06 ___ctrl_F___
000007r 1  10           	.byte	CT_CTRL			;   7/07 ___ctrl_G___
000008r 1  10           	.byte	CT_CTRL			;   8/08 ___ctrl_H___
000009r 1  D0           	.byte	CT_CTRL | CT_OTHER_WS | CT_SPACE_TAB
00000Ar 1               					;   9/09 ___ctrl_I___
00000Ar 1  50           	.byte	CT_CTRL | CT_OTHER_WS	;  10/0a ___ctrl_J___
00000Br 1  50           	.byte	CT_CTRL | CT_OTHER_WS	;  11/0b ___ctrl_K___
00000Cr 1  50           	.byte	CT_CTRL | CT_OTHER_WS	;  12/0c ___ctrl_L___
00000Dr 1  50           	.byte	CT_CTRL | CT_OTHER_WS	;  13/0d ___ctrl_M___
00000Er 1  10           	.byte	CT_CTRL			;  14/0e ___ctrl_N___
00000Fr 1  10           	.byte	CT_CTRL			;  15/0f ___ctrl_O___
000010r 1  10           	.byte	CT_CTRL			;  16/10 ___ctrl_P___
000011r 1  10           	.byte	CT_CTRL			;  17/11 ___ctrl_Q___
000012r 1  10           	.byte	CT_CTRL			;  18/12 ___ctrl_R___
000013r 1  10           	.byte	CT_CTRL			;  19/13 ___ctrl_S___
000014r 1  10           	.byte	CT_CTRL			;  20/14 ___ctrl_T___
000015r 1  10           	.byte	CT_CTRL			;  21/15 ___ctrl_U___
000016r 1  10           	.byte	CT_CTRL			;  22/16 ___ctrl_V___
000017r 1  10           	.byte	CT_CTRL			;  23/17 ___ctrl_W___
000018r 1  10           	.byte	CT_CTRL			;  24/18 ___ctrl_X___
000019r 1  10           	.byte	CT_CTRL			;  25/19 ___ctrl_Y___
00001Ar 1  10           	.byte	CT_CTRL			;  26/1a ___ctrl_Z___
00001Br 1  10           	.byte	CT_CTRL			;  27/1b ___ctrl_[___
00001Cr 1  10           	.byte	CT_CTRL			;  28/1c ___ctrl_\___
00001Dr 1  10           	.byte	CT_CTRL			;  29/1d ___ctrl_]___
00001Er 1  10           	.byte	CT_CTRL			;  30/1e ___ctrl_^___
00001Fr 1  10           	.byte	CT_CTRL			;  31/1f ___ctrl_____
000020r 1  A0           	.byte	CT_SPACE | CT_SPACE_TAB	;  32/20 ___SPACE___
000021r 1  00                  	.byte  	CT_NONE                 ;  33/21 _____!_____
000022r 1  00                  	.byte  	CT_NONE                 ;  34/22 _____"_____
000023r 1  00                  	.byte  	CT_NONE                 ;  35/23 _____#_____
000024r 1  00                  	.byte  	CT_NONE                 ;  36/24 _____$_____
000025r 1  00                  	.byte  	CT_NONE                 ;  37/25 _____%_____
000026r 1  00                  	.byte  	CT_NONE                 ;  38/26 _____&_____
000027r 1  00                  	.byte  	CT_NONE                 ;  39/27 _____'_____
000028r 1  00                  	.byte  	CT_NONE                 ;  40/28 _____(_____
000029r 1  00                  	.byte  	CT_NONE                 ;  41/29 _____)_____
00002Ar 1  00                  	.byte  	CT_NONE                 ;  42/2a _____*_____
00002Br 1  00                  	.byte  	CT_NONE                 ;  43/2b _____+_____
00002Cr 1  00                  	.byte  	CT_NONE                 ;  44/2c _____,_____
00002Dr 1  00                  	.byte  	CT_NONE                 ;  45/2d _____-_____
00002Er 1  00                  	.byte  	CT_NONE                 ;  46/2e _____._____
00002Fr 1  00                  	.byte  	CT_NONE                 ;  47/2f _____/_____
000030r 1  0C           	.byte	CT_DIGIT | CT_XDIGIT	;  48/30 _____0_____
000031r 1  0C           	.byte	CT_DIGIT | CT_XDIGIT	;  49/31 _____1_____
000032r 1  0C           	.byte	CT_DIGIT | CT_XDIGIT	;  50/32 _____2_____
000033r 1  0C           	.byte	CT_DIGIT | CT_XDIGIT	;  51/33 _____3_____
000034r 1  0C           	.byte	CT_DIGIT | CT_XDIGIT	;  52/34 _____4_____
000035r 1  0C           	.byte	CT_DIGIT | CT_XDIGIT	;  53/35 _____5_____
000036r 1  0C           	.byte	CT_DIGIT | CT_XDIGIT	;  54/36 _____6_____
000037r 1  0C           	.byte	CT_DIGIT | CT_XDIGIT	;  55/37 _____7_____
000038r 1  0C           	.byte	CT_DIGIT | CT_XDIGIT	;  56/38 _____8_____
000039r 1  0C           	.byte	CT_DIGIT | CT_XDIGIT	;  57/39 _____9_____
00003Ar 1  00                  	.byte  	CT_NONE                 ;  58/3a _____:_____
00003Br 1  00                  	.byte  	CT_NONE                 ;  59/3b _____;_____
00003Cr 1  00                  	.byte  	CT_NONE                 ;  60/3c _____<_____
00003Dr 1  00                  	.byte  	CT_NONE                 ;  61/3d _____=_____
00003Er 1  00                  	.byte  	CT_NONE                 ;  62/3e _____>_____
00003Fr 1  00                  	.byte  	CT_NONE                 ;  63/3f _____?_____
000040r 1               
000040r 1  00                  	.byte  	CT_NONE                 ;  64/40 _____@_____
000041r 1  0A           	.byte	CT_UPPER | CT_XDIGIT	;  65/41 _____A_____
000042r 1  0A           	.byte	CT_UPPER | CT_XDIGIT	;  66/42 _____B_____
000043r 1  0A           	.byte	CT_UPPER | CT_XDIGIT	;  67/43 _____C_____
000044r 1  0A           	.byte	CT_UPPER | CT_XDIGIT	;  68/44 _____D_____
000045r 1  0A           	.byte	CT_UPPER | CT_XDIGIT	;  69/45 _____E_____
000046r 1  0A           	.byte	CT_UPPER | CT_XDIGIT	;  70/46 _____F_____
000047r 1  02           	.byte	CT_UPPER		;  71/47 _____G_____
000048r 1  02           	.byte	CT_UPPER		;  72/48 _____H_____
000049r 1  02           	.byte	CT_UPPER		;  73/49 _____I_____
00004Ar 1  02           	.byte	CT_UPPER		;  74/4a _____J_____
00004Br 1  02           	.byte	CT_UPPER		;  75/4b _____K_____
00004Cr 1  02           	.byte	CT_UPPER		;  76/4c _____L_____
00004Dr 1  02           	.byte	CT_UPPER		;  77/4d _____M_____
00004Er 1  02           	.byte	CT_UPPER		;  78/4e _____N_____
00004Fr 1  02           	.byte	CT_UPPER		;  79/4f _____O_____
000050r 1  02           	.byte	CT_UPPER		;  80/50 _____P_____
000051r 1  02           	.byte	CT_UPPER		;  81/51 _____Q_____
000052r 1  02           	.byte	CT_UPPER		;  82/52 _____R_____
000053r 1  02           	.byte	CT_UPPER		;  83/53 _____S_____
000054r 1  02           	.byte	CT_UPPER		;  84/54 _____T_____
000055r 1  02           	.byte	CT_UPPER		;  85/55 _____U_____
000056r 1  02           	.byte	CT_UPPER		;  86/56 _____V_____
000057r 1  02           	.byte	CT_UPPER		;  87/57 _____W_____
000058r 1  02           	.byte	CT_UPPER		;  88/58 _____X_____
000059r 1  02           	.byte	CT_UPPER		;  89/59 _____Y_____
00005Ar 1  02           	.byte	CT_UPPER		;  90/5a _____Z_____
00005Br 1  00                  	.byte  	CT_NONE                 ;  91/5b _____[_____
00005Cr 1  00                  	.byte  	CT_NONE                 ;  92/5c _____\_____
00005Dr 1  00                  	.byte  	CT_NONE                 ;  93/5d _____]_____
00005Er 1  00                  	.byte  	CT_NONE                 ;  94/5e _____^_____
00005Fr 1  00                  	.byte  	CT_NONE                 ;  95/5f _UNDERLINE_
000060r 1  00                  	.byte  	CT_NONE                 ;  96/60 ___grave___
000061r 1  09           	.byte	CT_LOWER | CT_XDIGIT	;  97/61 _____a_____
000062r 1  09           	.byte	CT_LOWER | CT_XDIGIT	;  98/62 _____b_____
000063r 1  09           	.byte	CT_LOWER | CT_XDIGIT	;  99/63 _____c_____
000064r 1  09           	.byte	CT_LOWER | CT_XDIGIT	; 100/64 _____d_____
000065r 1  09           	.byte	CT_LOWER | CT_XDIGIT	; 101/65 _____e_____
000066r 1  09           	.byte	CT_LOWER | CT_XDIGIT	; 102/66 _____f_____
000067r 1  01           	.byte	CT_LOWER		; 103/67 _____g_____
000068r 1  01           	.byte	CT_LOWER		; 104/68 _____h_____
000069r 1  01           	.byte	CT_LOWER		; 105/69 _____i_____
00006Ar 1  01           	.byte	CT_LOWER		; 106/6a _____j_____
00006Br 1  01           	.byte	CT_LOWER		; 107/6b _____k_____
00006Cr 1  01           	.byte	CT_LOWER		; 108/6c _____l_____
00006Dr 1  01           	.byte	CT_LOWER		; 109/6d _____m_____
00006Er 1  01           	.byte	CT_LOWER		; 110/6e _____n_____
00006Fr 1  01           	.byte	CT_LOWER		; 111/6f _____o_____
000070r 1  01           	.byte	CT_LOWER		; 112/70 _____p_____
000071r 1  01           	.byte	CT_LOWER		; 113/71 _____q_____
000072r 1  01           	.byte	CT_LOWER		; 114/72 _____r_____
000073r 1  01           	.byte	CT_LOWER		; 115/73 _____s_____
000074r 1  01           	.byte	CT_LOWER		; 116/74 _____t_____
000075r 1  01           	.byte	CT_LOWER		; 117/75 _____u_____
000076r 1  01           	.byte	CT_LOWER		; 118/76 _____v_____
000077r 1  01           	.byte	CT_LOWER		; 119/77 _____w_____
000078r 1  01           	.byte	CT_LOWER		; 120/78 _____x_____
000079r 1  01           	.byte	CT_LOWER		; 121/79 _____y_____
00007Ar 1  01           	.byte	CT_LOWER		; 122/7a _____z_____
00007Br 1  00                  	.byte  	CT_NONE                 ; 123/7b _____{_____
00007Cr 1  00                  	.byte  	CT_NONE                 ; 124/7c _____|_____
00007Dr 1  00                  	.byte  	CT_NONE                 ; 125/7d _____}_____
00007Er 1  00                  	.byte  	CT_NONE                 ; 126/7e _____~_____
00007Fr 1  40           	.byte	CT_OTHER_WS		; 127/7f ____DEL____
000080r 1               
000080r 1  00 00 00 00          .res    128, CT_NONE            ; 128-255
000084r 1  00 00 00 00  
000088r 1  00 00 00 00  
000100r 1               
000100r 1               
000100r 1               
000100r 1               
