Modules list:
-------------
fib.o:
    CODE              Offs=000000  Size=0000C9  Align=00001  Fill=0000
    RODATA            Offs=000000  Size=00000D  Align=00001  Fill=0000
bu6502.lib(_hextab.o):
    RODATA            Offs=00000D  Size=000010  Align=00001  Fill=0000
bu6502.lib(_longminstr.o):
    RODATA            Offs=00001D  Size=00000C  Align=00001  Fill=0000
bu6502.lib(_oserror.o):
    BSS               Offs=000000  Size=000001  Align=00001  Fill=0000
bu6502.lib(_printf.o):
    CODE              Offs=0000C9  Size=0003A5  Align=00001  Fill=0000
    BSS               Offs=000001  Size=00002B  Align=00001  Fill=0000
    DATA              Offs=000000  Size=000003  Align=00001  Fill=0000
bu6502.lib(_scanf.o):
    CODE              Offs=00046E  Size=0007CE  Align=00001  Fill=0000
    RODATA            Offs=000029  Size=000008  Align=00001  Fill=0000
    BSS               Offs=00002C  Size=000042  Align=00001  Fill=0000
bu6502.lib(_seterrno.o):
    CODE              Offs=000C3C  Size=000009  Align=00001  Fill=0000
bu6502.lib(addysp.o):
    CODE              Offs=000C45  Size=00000E  Align=00001  Fill=0000
bu6502.lib(axlong.o):
    CODE              Offs=000C53  Size=000012  Align=00001  Fill=0000
bu6502.lib(compl.o):
    CODE              Offs=000C65  Size=000009  Align=00001  Fill=0000
bu6502.lib(condes.o):
    CODE              Offs=000C6E  Size=00000C  Align=00001  Fill=0000
    DATA              Offs=000003  Size=000025  Align=00001  Fill=0000
    INIT              Offs=000000  Size=00000C  Align=00001  Fill=0000
bu6502.lib(copydata.o):
    CODE              Offs=000C7A  Size=00002D  Align=00001  Fill=0000
bu6502.lib(cprintf.o):
    CODE              Offs=000CA7  Size=00002A  Align=00001  Fill=0000
    BSS               Offs=00006E  Size=000001  Align=00001  Fill=0000
bu6502.lib(cscanf.o):
    CODE              Offs=000CD1  Size=00002A  Align=00001  Fill=0000
    BSS               Offs=00006F  Size=000001  Align=00001  Fill=0000
bu6502.lib(decsp4.o):
    CODE              Offs=000CFB  Size=00000D  Align=00001  Fill=0000
bu6502.lib(decsp6.o):
    CODE              Offs=000D08  Size=00000D  Align=00001  Fill=0000
bu6502.lib(decsp8.o):
    CODE              Offs=000D15  Size=00000D  Align=00001  Fill=0000
bu6502.lib(errno.o):
    CODE              Offs=000D22  Size=000018  Align=00001  Fill=0000
    BSS               Offs=000070  Size=000002  Align=00001  Fill=0000
bu6502.lib(icmp.o):
    CODE              Offs=000D3A  Size=00002E  Align=00001  Fill=0000
bu6502.lib(incsp1.o):
    CODE              Offs=000D68  Size=000007  Align=00001  Fill=0000
bu6502.lib(incsp2.o):
    CODE              Offs=000D6F  Size=000016  Align=00001  Fill=0000
bu6502.lib(incsp4.o):
    CODE              Offs=000D85  Size=000005  Align=00001  Fill=0000
bu6502.lib(incsp8.o):
    CODE              Offs=000D8A  Size=000005  Align=00001  Fill=0000
bu6502.lib(isspace.o):
    CODE              Offs=000D8F  Size=00000F  Align=00001  Fill=0000
bu6502.lib(isxdigit.o):
    CODE              Offs=000D9E  Size=00000F  Align=00001  Fill=0000
bu6502.lib(jmpvec.o):
    DATA              Offs=000028  Size=000003  Align=00001  Fill=0000
bu6502.lib(ladd.o):
    CODE              Offs=000DAD  Size=000025  Align=00001  Fill=0000
bu6502.lib(lcmp.o):
    CODE              Offs=000DD2  Size=00003B  Align=00001  Fill=0000
bu6502.lib(ldeaxysp.o):
    CODE              Offs=000E0D  Size=000013  Align=00001  Fill=0000
bu6502.lib(ldec.o):
    CODE              Offs=000E20  Size=00001A  Align=00001  Fill=0000
bu6502.lib(leq.o):
    CODE              Offs=000E3A  Size=000006  Align=00001  Fill=0000
bu6502.lib(lge.o):
    CODE              Offs=000E40  Size=000006  Align=00001  Fill=0000
bu6502.lib(lmul.o):
    CODE              Offs=000E46  Size=00005C  Align=00001  Fill=0000
bu6502.lib(lneg.o):
    CODE              Offs=000EA2  Size=00001E  Align=00001  Fill=0000
bu6502.lib(longjmp.o):
    CODE              Offs=000EC0  Size=000030  Align=00001  Fill=0000
bu6502.lib(lpush.o):
    CODE              Offs=000EF0  Size=000021  Align=00001  Fill=0000
bu6502.lib(ltoa.o):
    CODE              Offs=000F11  Size=0000AF  Align=00001  Fill=0000
bu6502.lib(makebool.o):
    CODE              Offs=000FC0  Size=000031  Align=00001  Fill=0000
bu6502.lib(mulax10.o):
    CODE              Offs=000FF1  Size=000019  Align=00001  Fill=0000
bu6502.lib(push1.o):
    CODE              Offs=00100A  Size=000005  Align=00001  Fill=0000
bu6502.lib(pusha.o):
    CODE              Offs=00100F  Size=000016  Align=00001  Fill=0000
bu6502.lib(pushax.o):
    CODE              Offs=001025  Size=00001A  Align=00001  Fill=0000
bu6502.lib(setjmp.o):
    CODE              Offs=00103F  Size=000026  Align=00001  Fill=0000
bu6502.lib(steaxsp.o):
    CODE              Offs=001065  Size=000015  Align=00001  Fill=0000
bu6502.lib(strlen.o):
    CODE              Offs=00107A  Size=000016  Align=00001  Fill=0000
bu6502.lib(strlower.o):
    CODE              Offs=001090  Size=000028  Align=00001  Fill=0000
bu6502.lib(sub.o):
    CODE              Offs=0010B8  Size=000015  Align=00001  Fill=0000
bu6502.lib(swap.o):
    CODE              Offs=0010CD  Size=000017  Align=00001  Fill=0000
bu6502.lib(tolower.o):
    CODE              Offs=0010E4  Size=000010  Align=00001  Fill=0000
bu6502.lib(vcprintf.o):
    CODE              Offs=0010F4  Size=00007E  Align=00001  Fill=0000
    DATA              Offs=00002B  Size=000008  Align=00001  Fill=0000
bu6502.lib(vcscanf.o):
    CODE              Offs=001172  Size=00003C  Align=00001  Fill=0000
    RODATA            Offs=000031  Size=000004  Align=00001  Fill=0000
    BSS               Offs=000072  Size=000002  Align=00001  Fill=0000
bu6502.lib(zerobss.o):
    INIT              Offs=00000C  Size=000023  Align=00001  Fill=0000
bu6502.lib(zeropage.o):
    ZEROPAGE          Offs=000000  Size=00001A  Align=00001  Fill=0000
bu6502.lib(bu6502interrupt.o):
    CODE              Offs=0011AE  Size=000013  Align=00001  Fill=0000
bu6502.lib(crt0.o):
    STARTUP           Offs=000000  Size=00001C  Align=00001  Fill=0000
    VECTORS           Offs=000000  Size=000006  Align=00001  Fill=0000
bu6502.lib(ctype.o):
    RODATA            Offs=000035  Size=000100  Align=00001  Fill=0000
bu6502.lib(cputc.o):
    CODE              Offs=0011C1  Size=000004  Align=00001  Fill=0000
bu6502.lib(cgetc.o):
    CODE              Offs=0011C5  Size=000004  Align=00001  Fill=0000
bu6502.lib(oserror.o):
    CODE              Offs=0011C9  Size=000016  Align=00001  Fill=0000
    RODATA            Offs=000135  Size=000030  Align=00001  Fill=0000


Segment list:
-------------
Name                   Start     End    Size  Align
----------------------------------------------------
ZEROPAGE              000000  000019  00001A  00001
DATA                  000200  000232  000033  00001
STARTUP               000500  00051B  00001C  00001
INIT                  00051C  00054A  00002F  00001
CODE                  00054B  001729  0011DF  00001
RODATA                00172A  00188E  000165  00001
BSS                   00188F  001902  000074  00001
VECTORS               00FFFA  00FFFF  000006  00001


Exports list:
-------------
__BSS_RUN__               00188F RLA    __BSS_SIZE__              000074 REA    
__CONSTRUCTOR_COUNT__     000000 REA    __CONSTRUCTOR_TABLE__     00051C RLA    
__DATA_LOAD__             000200 RLA    __DATA_RUN__              000200 RLA    
__DATA_SIZE__             000033 REA    __DESTRUCTOR_COUNT__      000000 REA    
__DESTRUCTOR_TABLE__      00051C RLA    __STACKSTART__            00FEFF REA    
__STARTUP__               000001 REA    __ctype                   00175F RLA    
__errno                   0018FF RLA    __hextab                  001737 RLA    
__longminstr              001747 RLA    __oserror                 00188F RLA    
__osmaperrno              001714 RLA    __printf                  000707 RLA    
__scanf                   0009B9 RLA    __seterrno                001187 RLA    
__setjmp                  00158A RLA    _cgetc                    001710 RLA    
_cprintf                  0011F2 RLA    _cputc                    00170C RLA    
_cscanf                   00121C RLA    _irq_int                  0016FA RLA    
_isspace                  0012DA RLA    _isxdigit                 0012E9 RLA    
_longjmp                  00140B RLA    _ltoa                     001478 RLA    
_main                     0005A4 RLA    _nmi_int                  0016F9 RLA    
_strlen                   0015C5 RLA    _strlower                 0015DB RLA    
_tolower                  00162F RLA    _ultoa                    0014CF RLA    
_vcprintf                 00168D RLA    _vcscanf                  0016E1 RLA    
addysp                    001191 RLA    addysp1                   001190 RLA    
axlong                    0011A5 RLA    axulong                   00119E RLA    
booleq                    001511 RLA    boolge                    001521 RLA    
complax                   0011B0 RLA    copydata                  0011C5 RLA    
deceaxy                   00136B RLA    decsp4                    001246 RLA    
decsp6                    001253 RLA    decsp8                    001260 RLA    
donelib                   0011B9 RLA    incsp1                    0012B3 RLA    
incsp4                    0012D0 RLA    incsp8                    0012D5 RLA    
initlib                   00051C RLA    jmpvec                    000228 RLA    
ldeax0sp                  001358 RLA    ldeaxysp                  00135A RLA    
mulax10                   00153C RLA    negeax                    0013ED RLA    
popax                     0012BA RLA    ptr1                      000008 RLZ    
ptr2                      00000A RLZ    ptr3                      00000C RLZ    
ptr4                      00000E RLZ    push1                     001555 RLA    
pusha                     00155E RLA    pusha0                    001572 RLA    
pushax                    001574 RLA    pusheax                   001444 RLA    
regbank                   000014 RLZ    regsave                   000004 RLZ    
sp                        000000 RLZ    sreg                      000002 RLZ    
steax0sp                  0015B0 RLA    swapstk                   001618 RLA    
tmp1                      000010 RLZ    tmp2                      000011 RLZ    
tmp3                      000012 RLZ    tmp4                      000013 RLZ    
tosadd0ax                 0012F8 RLA    tosaddeax                 0012FE RLA    
toseqeax                  001385 RLA    tosgeeax                  00138B RLA    
tosicmp0                  001285 RLA    toslcmp                   00131D RLA    
tosmul0ax                 001391 RLA    tossuba0                  001603 RLA    
zerobss                   000528 RLA    


Imports list:
-------------
__BSS_RUN__ ([linker generated]):
    zerobss.o                 common/zerobss.s(8)
__BSS_SIZE__ ([linker generated]):
    zerobss.o                 common/zerobss.s(8)
__CONSTRUCTOR_COUNT__ ([linker generated]):
    condes.o                  runtime/condes.s(18)
__CONSTRUCTOR_TABLE__ ([linker generated]):
    condes.o                  runtime/condes.s(18)
__DATA_LOAD__ ([linker generated]):
    copydata.o                common/copydata.s(8)
__DATA_RUN__ ([linker generated]):
    copydata.o                common/copydata.s(8)
__DATA_SIZE__ ([linker generated]):
    copydata.o                common/copydata.s(8)
__DESTRUCTOR_COUNT__ ([linker generated]):
    condes.o                  runtime/condes.s(19)
__DESTRUCTOR_TABLE__ ([linker generated]):
    condes.o                  runtime/condes.s(19)
__STACKSTART__ ([linker generated]):
    crt0.o                    crt0.s(12)
__STARTUP__ (crt0.o):
    fib.o                     fib.s(13)
__ctype (ctype.o):
    tolower.o                 common/tolower.s(8)
    strlower.o                common/strlower.s(13)
    isxdigit.o                /Users/tu/Documents/MLProject/6502/ext/install/share/cc65/asminc/ctype.inc(9)
    isspace.o                 /Users/tu/Documents/MLProject/6502/ext/install/share/cc65/asminc/ctype.inc(9)
    _scanf.o                  ../wrk/none/_scanf.s(17)
__errno (errno.o):
    _seterrno.o               /Users/tu/Documents/MLProject/6502/ext/install/share/cc65/asminc/errno.inc(7)
__hextab (_hextab.o):
    ltoa.o                    common/ltoa.s(10)
__longminstr (_longminstr.o):
    ltoa.o                    common/ltoa.s(10)
__oserror (_oserror.o):
    errno.o                   /Users/tu/Documents/MLProject/6502/ext/install/share/cc65/asminc/errno.inc(7)
__osmaperrno (oserror.o):
    errno.o                   /Users/tu/Documents/MLProject/6502/ext/install/share/cc65/asminc/errno.inc(8)
__printf (_printf.o):
    vcprintf.o                conio/vcprintf.s(9)
__scanf (_scanf.o):
    vcscanf.o                 conio/../common/_scanf.inc(17)
__seterrno (_seterrno.o):
    errno.o                   /Users/tu/Documents/MLProject/6502/ext/install/share/cc65/asminc/errno.inc(9)
    _scanf.o                  ../wrk/none/_scanf.s(16)
__setjmp (setjmp.o):
    _scanf.o                  ../wrk/none/_scanf.s(14)
_cgetc (cgetc.o):
    vcscanf.o                 conio/vcscanf.s(9)
_cprintf (cprintf.o):
    fib.o                     fib.s(14)
_cputc (cputc.o):
    vcscanf.o                 conio/vcscanf.s(9)
    vcprintf.o                conio/vcprintf.s(9)
_cscanf (cscanf.o):
    fib.o                     fib.s(15)
_irq_int (bu6502interrupt.o):
    crt0.o                    crt0.s(9)
_isspace (isspace.o):
    _scanf.o                  ../wrk/none/_scanf.s(18)
_isxdigit (isxdigit.o):
    _scanf.o                  ../wrk/none/_scanf.s(19)
_longjmp (longjmp.o):
    _scanf.o                  ../wrk/none/_scanf.s(15)
_ltoa (ltoa.o):
    _printf.o                 common/_printf.s(12)
_main (fib.o):
    crt0.o                    crt0.s(9)
_nmi_int (bu6502interrupt.o):
    crt0.o                    crt0.s(9)
_strlen (strlen.o):
    _printf.o                 common/_printf.s(13)
_strlower (strlower.o):
    _printf.o                 common/_printf.s(13)
_tolower (tolower.o):
    _scanf.o                  ../wrk/none/_scanf.s(20)
_ultoa (ltoa.o):
    _printf.o                 common/_printf.s(12)
_vcprintf (vcprintf.o):
    cprintf.o                 conio/cprintf.s(8)
_vcscanf (vcscanf.o):
    cscanf.o                  conio/cscanf.s(10)
addysp (addysp.o):
    incsp8.o                  runtime/incsp8.s(8)
    incsp4.o                  runtime/incsp4.s(8)
    cscanf.o                  conio/cscanf.s(10)
    cprintf.o                 conio/cprintf.s(8)
addysp1 (addysp.o):
    sub.o                     runtime/sub.s(8)
    lmul.o                    runtime/lmul.s(8)
    ladd.o                    runtime/ladd.s(8)
axlong (axlong.o):
    _printf.o                 common/_printf.s(11)
axulong (axlong.o):
    _printf.o                 common/_printf.s(11)
booleq (makebool.o):
    _scanf.o                  ../wrk/none/_scanf.s(1113)
    leq.o                     runtime/leq.s(8)
boolge (makebool.o):
    lge.o                     runtime/lge.s(8)
complax (compl.o):
    _scanf.o                  ../wrk/none/_scanf.s(1113)
copydata (copydata.o):
    crt0.o                    crt0.s(13)
deceaxy (ldec.o):
    fib.o                     fib.s(136)
decsp4 (decsp4.o):
    lpush.o                   runtime/lpush.s(11)
decsp6 (decsp6.o):
    _printf.o                 common/_printf.s(11)
decsp8 (decsp8.o):
    fib.o                     fib.s(136)
donelib (condes.o):
    crt0.o                    crt0.s(13)
incsp1 (incsp1.o):
    _scanf.o                  ../wrk/none/_scanf.s(1113)
    _scanf.o                  ../wrk/none/_scanf.s(1113)
    _scanf.o                  ../wrk/none/_scanf.s(1113)
    _scanf.o                  ../wrk/none/_scanf.s(1113)
    _scanf.o                  ../wrk/none/_scanf.s(1113)
incsp4 (incsp4.o):
    lcmp.o                    runtime/lcmp.s(9)
    fib.o                     fib.s(136)
incsp8 (incsp8.o):
    _scanf.o                  ../wrk/none/_scanf.s(1113)
    fib.o                     fib.s(136)
initlib (condes.o):
    crt0.o                    crt0.s(13)
jmpvec (jmpvec.o):
    _scanf.o                  ../wrk/none/_scanf.s(1113)
    _scanf.o                  ../wrk/none/_scanf.s(1113)
ldeax0sp (ldeaxysp.o):
    fib.o                     fib.s(136)
ldeaxysp (ldeaxysp.o):
    fib.o                     fib.s(136)
    fib.o                     fib.s(136)
mulax10 (mulax10.o):
    _scanf.o                  ../wrk/none/_scanf.s(1113)
negeax (lneg.o):
    _scanf.o                  ../wrk/none/_scanf.s(1113)
popax (incsp2.o):
    ltoa.o                    common/ltoa.s(9)
    longjmp.o                 common/longjmp.s(8)
    _printf.o                 common/_printf.s(11)
    vcscanf.o                 conio/vcscanf.s(10)
    vcprintf.o                conio/vcprintf.s(8)
ptr1 (zeropage.o):
    zerobss.o                 common/zerobss.s(9)
    strlower.o                common/strlower.s(14)
    strlen.o                  common/strlen.s(8)
    setjmp.o                  common/setjmp.s(8)
    mulax10.o                 runtime/mulax10.s(9)
    ltoa.o                    common/ltoa.s(11)
    longjmp.o                 common/longjmp.s(9)
    lmul.o                    runtime/lmul.s(9)
    lcmp.o                    runtime/lcmp.s(10)
    copydata.o                common/copydata.s(9)
    _scanf.o                  ../wrk/none/_scanf.s(11)
    _printf.o                 /Users/tu/Documents/MLProject/6502/ext/install/share/cc65/asminc/zeropage.inc(12)
    vcprintf.o                conio/vcprintf.s(10)
    cscanf.o                  /Users/tu/Documents/MLProject/6502/ext/install/share/cc65/asminc/zeropage.inc(12)
    cprintf.o                 conio/cprintf.s(9)
ptr2 (zeropage.o):
    strlower.o                common/strlower.s(14)
    ltoa.o                    common/ltoa.s(11)
    longjmp.o                 common/longjmp.s(9)
    copydata.o                common/copydata.s(9)
    _printf.o                 /Users/tu/Documents/MLProject/6502/ext/install/share/cc65/asminc/zeropage.inc(12)
    vcprintf.o                conio/vcprintf.s(10)
ptr3 (zeropage.o):
    ltoa.o                    common/ltoa.s(11)
    lmul.o                    runtime/lmul.s(9)
    vcprintf.o                conio/vcprintf.s(10)
ptr4 (zeropage.o):
    swap.o                    runtime/swap.s(8)
    lmul.o                    runtime/lmul.s(9)
push1 (push1.o):
    _printf.o                 common/_printf.s(11)
pusha (pusha.o):
    _scanf.o                  ../wrk/none/_scanf.s(1113)
    _scanf.o                  ../wrk/none/_scanf.s(1113)
    _scanf.o                  ../wrk/none/_scanf.s(1113)
    _scanf.o                  ../wrk/none/_scanf.s(1113)
    _scanf.o                  ../wrk/none/_scanf.s(1113)
pusha0 (pushax.o):
    push1.o                   runtime/push1.s(8)
    _scanf.o                  ../wrk/none/_scanf.s(1113)
pushax (pushax.o):
    _scanf.o                  ../wrk/none/_scanf.s(1113)
    _scanf.o                  ../wrk/none/_scanf.s(1113)
    _printf.o                 common/_printf.s(11)
    vcscanf.o                 conio/vcscanf.s(10)
    vcprintf.o                conio/vcprintf.s(8)
    cscanf.o                  conio/cscanf.s(10)
    cprintf.o                 conio/cprintf.s(8)
    fib.o                     fib.s(136)
pusheax (lpush.o):
    _scanf.o                  ../wrk/none/_scanf.s(1113)
    _printf.o                 common/_printf.s(11)
    fib.o                     fib.s(136)
    fib.o                     fib.s(136)
regbank (zeropage.o):
    _scanf.o                  ../wrk/none/_scanf.s(10)
    _printf.o                 /Users/tu/Documents/MLProject/6502/ext/install/share/cc65/asminc/zeropage.inc(14)
regsave (zeropage.o):
    _scanf.o                  ../wrk/none/_scanf.s(10)
sp (zeropage.o):
    swap.o                    runtime/swap.s(8)
    sub.o                     runtime/sub.s(9)
    setjmp.o                  common/setjmp.s(8)
    pusha.o                   runtime/pusha.s(8)
    longjmp.o                 common/longjmp.s(9)
    lmul.o                    runtime/lmul.s(9)
    lcmp.o                    runtime/lcmp.s(10)
    incsp2.o                  runtime/incsp2.s(8)
    incsp1.o                  runtime/incsp1.s(8)
    icmp.o                    runtime/icmp.s(9)
    decsp6.o                  runtime/decsp6.s(8)
    decsp4.o                  runtime/decsp4.s(8)
    addysp.o                  runtime/addysp.s(8)
    _scanf.o                  ../wrk/none/_scanf.s(10)
    _printf.o                 /Users/tu/Documents/MLProject/6502/ext/install/share/cc65/asminc/zeropage.inc(11)
    crt0.o                    /Users/tu/Documents/MLProject/datasources/6502/ext/install/share/cc65/asminc/zeropage.inc(11)
    vcprintf.o                conio/vcprintf.s(10)
    steaxsp.o                 runtime/steaxsp.s(8)
    pushax.o                  runtime/pushax.s(8)
    lpush.o                   runtime/lpush.s(12)
    ldeaxysp.o                runtime/ldeaxysp.s(12)
    ladd.o                    runtime/ladd.s(9)
    decsp8.o                  runtime/decsp8.s(8)
    cscanf.o                  /Users/tu/Documents/MLProject/6502/ext/install/share/cc65/asminc/zeropage.inc(11)
    cprintf.o                 conio/cprintf.s(9)
    fib.o                     fib.s(10)
sreg (zeropage.o):
    ltoa.o                    common/ltoa.s(11)
    lneg.o                    runtime/lneg.s(11)
    lmul.o                    runtime/lmul.s(9)
    lcmp.o                    runtime/lcmp.s(10)
    icmp.o                    runtime/icmp.s(9)
    axlong.o                  runtime/axlong.s(8)
    _scanf.o                  ../wrk/none/_scanf.s(10)
    _printf.o                 /Users/tu/Documents/MLProject/6502/ext/install/share/cc65/asminc/zeropage.inc(11)
    steaxsp.o                 runtime/steaxsp.s(8)
    lpush.o                   runtime/lpush.s(12)
    ldec.o                    runtime/ldec.s(8)
    ldeaxysp.o                runtime/ldeaxysp.s(12)
    ladd.o                    runtime/ladd.s(9)
    fib.o                     fib.s(10)
steax0sp (steaxsp.o):
    fib.o                     fib.s(136)
swapstk (swap.o):
    vcscanf.o                 conio/vcscanf.s(10)
tmp1 (zeropage.o):
    ltoa.o                    common/ltoa.s(11)
    copydata.o                common/copydata.s(9)
    _printf.o                 /Users/tu/Documents/MLProject/6502/ext/install/share/cc65/asminc/zeropage.inc(13)
    vcprintf.o                conio/vcprintf.s(10)
    ldec.o                    runtime/ldec.s(8)
    ladd.o                    runtime/ladd.s(9)
tmp2 (zeropage.o):
    lmul.o                    runtime/lmul.s(9)
tmp3 (zeropage.o):
    lmul.o                    runtime/lmul.s(9)
tmp4 (zeropage.o):
    lmul.o                    runtime/lmul.s(9)
tosadd0ax (ladd.o):
    _scanf.o                  ../wrk/none/_scanf.s(1113)
tosaddeax (ladd.o):
    fib.o                     fib.s(136)
toseqeax (leq.o):
    fib.o                     fib.s(136)
tosgeeax (lge.o):
    fib.o                     fib.s(136)
tosicmp0 (icmp.o):
    _scanf.o                  ../wrk/none/_scanf.s(1113)
toslcmp (lcmp.o):
    lge.o                     runtime/lge.s(8)
    leq.o                     runtime/leq.s(8)
tosmul0ax (lmul.o):
    _scanf.o                  ../wrk/none/_scanf.s(1113)
tossuba0 (sub.o):
    _scanf.o                  ../wrk/none/_scanf.s(1113)
zerobss (zerobss.o):
    crt0.o                    crt0.s(13)

