Modules list:
-------------
otter.o:
    CODE              Offs=000000  Size=00013A  Align=00001  Fill=0000
    BSS               Offs=000000  Size=001A10  Align=00001  Fill=0000
bu6502.lib(addysp.o):
    CODE              Offs=00013A  Size=00000E  Align=00001  Fill=0000
bu6502.lib(condes.o):
    CODE              Offs=000148  Size=00000C  Align=00001  Fill=0000
    DATA              Offs=000000  Size=000025  Align=00001  Fill=0000
    INIT              Offs=000000  Size=00000C  Align=00001  Fill=0000
bu6502.lib(copydata.o):
    CODE              Offs=000154  Size=00002D  Align=00001  Fill=0000
bu6502.lib(decsp4.o):
    CODE              Offs=000181  Size=00000D  Align=00001  Fill=0000
bu6502.lib(incsp2.o):
    CODE              Offs=00018E  Size=000016  Align=00001  Fill=0000
bu6502.lib(incsp4.o):
    CODE              Offs=0001A4  Size=000005  Align=00001  Fill=0000
bu6502.lib(incsp8.o):
    CODE              Offs=0001A9  Size=000005  Align=00001  Fill=0000
bu6502.lib(lcmp.o):
    CODE              Offs=0001AE  Size=00003B  Align=00001  Fill=0000
bu6502.lib(ldeaxi.o):
    CODE              Offs=0001E9  Size=000017  Align=00001  Fill=0000
bu6502.lib(ldeaxysp.o):
    CODE              Offs=000200  Size=000013  Align=00001  Fill=0000
bu6502.lib(linc.o):
    CODE              Offs=000213  Size=000011  Align=00001  Fill=0000
bu6502.lib(llt.o):
    CODE              Offs=000224  Size=000006  Align=00001  Fill=0000
bu6502.lib(lpush.o):
    CODE              Offs=00022A  Size=000021  Align=00001  Fill=0000
bu6502.lib(lsave.o):
    CODE              Offs=00024B  Size=00001C  Align=00001  Fill=0000
bu6502.lib(makebool.o):
    CODE              Offs=000267  Size=000031  Align=00001  Fill=0000
bu6502.lib(mulax6.o):
    CODE              Offs=000298  Size=000016  Align=00001  Fill=0000
bu6502.lib(pushax.o):
    CODE              Offs=0002AE  Size=00001A  Align=00001  Fill=0000
bu6502.lib(staxsp.o):
    CODE              Offs=0002C8  Size=00000B  Align=00001  Fill=0000
bu6502.lib(staxspi.o):
    CODE              Offs=0002D3  Size=00001B  Align=00001  Fill=0000
bu6502.lib(steaxsp.o):
    CODE              Offs=0002EE  Size=000015  Align=00001  Fill=0000
bu6502.lib(steaxspi.o):
    CODE              Offs=000303  Size=000026  Align=00001  Fill=0000
bu6502.lib(subysp.o):
    CODE              Offs=000329  Size=00000D  Align=00001  Fill=0000
bu6502.lib(zerobss.o):
    INIT              Offs=00000C  Size=000023  Align=00001  Fill=0000
bu6502.lib(zeropage.o):
    ZEROPAGE          Offs=000000  Size=00001A  Align=00001  Fill=0000
bu6502.lib(bu6502interrupt.o):
    CODE              Offs=000336  Size=000013  Align=00001  Fill=0000
bu6502.lib(crt0.o):
    STARTUP           Offs=000000  Size=00001C  Align=00001  Fill=0000
    VECTORS           Offs=000000  Size=000006  Align=00001  Fill=0000


Segment list:
-------------
Name                   Start     End    Size  Align
----------------------------------------------------
ZEROPAGE              000000  000019  00001A  00001
DATA                  000200  000224  000025  00001
STARTUP               000500  00051B  00001C  00001
INIT                  00051C  00054A  00002F  00001
CODE                  00054B  000893  000349  00001
BSS                   000894  0022A3  001A10  00001
VECTORS               00FFFA  00FFFF  000006  00001


Exports list:
-------------
__BSS_RUN__               000894 RLA    __BSS_SIZE__              001A10 REA    
__CONSTRUCTOR_COUNT__     000000 REA    __CONSTRUCTOR_TABLE__     00051C RLA    
__DATA_LOAD__             000200 RLA    __DATA_RUN__              000200 RLA    
__DATA_SIZE__             000025 REA    __DESTRUCTOR_COUNT__      000000 REA    
__DESTRUCTOR_TABLE__      00051C RLA    __STACKSTART__            00FEFF REA    
__STARTUP__               000001 REA    _irq_int                  000882 RLA    
_main                     000589 RLA    _nmi_int                  000881 RLA    
addysp                    000686 RLA    boollt                    0007C0 RLA    
copydata                  00069F RLA    decsp4                    0006CC RLA    
donelib                   000693 RLA    inceaxy                   00075E RLA    
incsp2                    0006E1 RLA    incsp4                    0006EF RLA    
incsp8                    0006F4 RLA    initlib                   00051C RLA    
ldeax0sp                  00074B RLA    ldeaxi                    000734 RLA    
ldeaxysp                  00074D RLA    mulax6                    0007E3 RLA    
popax                     0006D9 RLA    ptr1                      000008 RLZ    
ptr2                      00000A RLZ    ptr4                      00000E RLZ    
pushax                    0007FD RLA    pusheax                   00077E RLA    
regsave                   000004 RLZ    resteax                   0007A5 RLA    
saveeax                   000796 RLA    sp                        000000 RLZ    
sreg                      000002 RLZ    stax0sp                   000813 RLA    
staxspidx                 00081E RLA    steax0sp                  000839 RLA    
steaxspidx                00084E RLA    steaxysp                  00083B RLA    
subysp                    000874 RLA    tmp1                      000010 RLZ    
tmp2                      000011 RLZ    tmp3                      000012 RLZ    
toslcmp                   0006F9 RLA    toslteax                  00076F RLA    
zerobss                   000528 RLA    


Imports list:
-------------
__BSS_RUN__ ([linker generated]):
    zerobss.o                 common/zerobss.s(8)
__BSS_SIZE__ ([linker generated]):
    zerobss.o                 common/zerobss.s(8)
__CONSTRUCTOR_COUNT__ ([linker generated]):
    condes.o                  runtime/condes.s(18)
__CONSTRUCTOR_TABLE__ ([linker generated]):
    condes.o                  runtime/condes.s(18)
__DATA_LOAD__ ([linker generated]):
    copydata.o                common/copydata.s(8)
__DATA_RUN__ ([linker generated]):
    copydata.o                common/copydata.s(8)
__DATA_SIZE__ ([linker generated]):
    copydata.o                common/copydata.s(8)
__DESTRUCTOR_COUNT__ ([linker generated]):
    condes.o                  runtime/condes.s(19)
__DESTRUCTOR_TABLE__ ([linker generated]):
    condes.o                  runtime/condes.s(19)
__STACKSTART__ ([linker generated]):
    crt0.o                    crt0.s(12)
__STARTUP__ (crt0.o):
    otter.o                   otter.s(13)
_irq_int (bu6502interrupt.o):
    crt0.o                    crt0.s(9)
_main (otter.o):
    crt0.o                    crt0.s(9)
_nmi_int (bu6502interrupt.o):
    crt0.o                    crt0.s(9)
addysp (addysp.o):
    incsp4.o                  runtime/incsp4.s(8)
    incsp8.o                  runtime/incsp8.s(8)
    otter.o                   otter.s(195)
boollt (makebool.o):
    llt.o                     runtime/llt.s(8)
copydata (copydata.o):
    crt0.o                    crt0.s(13)
decsp4 (decsp4.o):
    lpush.o                   runtime/lpush.s(11)
    otter.o                   otter.s(195)
donelib (condes.o):
    crt0.o                    crt0.s(13)
inceaxy (linc.o):
    otter.o                   otter.s(195)
    otter.o                   otter.s(195)
incsp2 (incsp2.o):
    staxspi.o                 runtime/staxspi.s(8)
incsp4 (incsp4.o):
    lcmp.o                    runtime/lcmp.s(9)
incsp8 (incsp8.o):
    otter.o                   otter.s(195)
initlib (condes.o):
    crt0.o                    crt0.s(13)
ldeax0sp (ldeaxysp.o):
    otter.o                   otter.s(195)
ldeaxi (ldeaxi.o):
    otter.o                   otter.s(195)
ldeaxysp (ldeaxysp.o):
    otter.o                   otter.s(195)
mulax6 (mulax6.o):
    otter.o                   otter.s(195)
popax (incsp2.o):
    steaxspi.o                runtime/steaxspi.s(9)
ptr1 (zeropage.o):
    zerobss.o                 common/zerobss.s(9)
    lcmp.o                    runtime/lcmp.s(10)
    copydata.o                common/copydata.s(9)
    steaxspi.o                runtime/steaxspi.s(10)
    staxspi.o                 runtime/staxspi.s(9)
    mulax6.o                  runtime/mulax6.s(9)
    ldeaxi.o                  runtime/ldeaxi.s(8)
    otter.o                   otter.s(11)
ptr2 (zeropage.o):
    copydata.o                common/copydata.s(9)
ptr4 (zeropage.o):
    linc.o                    runtime/linc.s(8)
pushax (pushax.o):
    otter.o                   otter.s(195)
pusheax (lpush.o):
    otter.o                   otter.s(195)
    otter.o                   otter.s(195)
regsave (zeropage.o):
    lsave.o                   runtime/lsave.s(8)
resteax (lsave.o):
    otter.o                   otter.s(195)
    otter.o                   otter.s(195)
saveeax (lsave.o):
    otter.o                   otter.s(195)
    otter.o                   otter.s(195)
sp (zeropage.o):
    lcmp.o                    runtime/lcmp.s(10)
    incsp2.o                  runtime/incsp2.s(8)
    crt0.o                    /Users/tu/Documents/MLProject/datasources/6502/ext/install/share/cc65/asminc/zeropage.inc(11)
    subysp.o                  runtime/subysp.s(9)
    steaxsp.o                 runtime/steaxsp.s(8)
    staxspi.o                 runtime/staxspi.s(9)
    staxsp.o                  runtime/staxsp.s(8)
    pushax.o                  runtime/pushax.s(8)
    lpush.o                   runtime/lpush.s(12)
    ldeaxysp.o                runtime/ldeaxysp.s(12)
    decsp4.o                  runtime/decsp4.s(8)
    addysp.o                  runtime/addysp.s(8)
    otter.o                   otter.s(10)
sreg (zeropage.o):
    lcmp.o                    runtime/lcmp.s(10)
    steaxspi.o                runtime/steaxspi.s(10)
    steaxsp.o                 runtime/steaxsp.s(8)
    lsave.o                   runtime/lsave.s(8)
    lpush.o                   runtime/lpush.s(12)
    linc.o                    runtime/linc.s(8)
    ldeaxysp.o                runtime/ldeaxysp.s(12)
    ldeaxi.o                  runtime/ldeaxi.s(8)
    otter.o                   otter.s(10)
stax0sp (staxsp.o):
    otter.o                   otter.s(195)
staxspidx (staxspi.o):
    otter.o                   otter.s(195)
steax0sp (steaxsp.o):
    otter.o                   otter.s(195)
steaxspidx (steaxspi.o):
    otter.o                   otter.s(195)
steaxysp (steaxsp.o):
    otter.o                   otter.s(195)
subysp (subysp.o):
    otter.o                   otter.s(195)
tmp1 (zeropage.o):
    copydata.o                common/copydata.s(9)
    steaxspi.o                runtime/steaxspi.s(10)
    staxspi.o                 runtime/staxspi.s(9)
tmp2 (zeropage.o):
    steaxspi.o                runtime/steaxspi.s(10)
tmp3 (zeropage.o):
    steaxspi.o                runtime/steaxspi.s(10)
toslcmp (lcmp.o):
    llt.o                     runtime/llt.s(8)
toslteax (llt.o):
    otter.o                   otter.s(195)
    otter.o                   otter.s(195)
zerobss (zerobss.o):
    crt0.o                    crt0.s(13)

