Modules list:
-------------
p1.o:
    CODE              Offs=000000  Size=00006E  Align=00001  Fill=0000
    RODATA            Offs=000000  Size=000004  Align=00001  Fill=0000
bu6502.lib(_hextab.o):
    RODATA            Offs=000004  Size=000010  Align=00001  Fill=0000
bu6502.lib(_longminstr.o):
    RODATA            Offs=000014  Size=00000C  Align=00001  Fill=0000
bu6502.lib(_printf.o):
    CODE              Offs=00006E  Size=0003A5  Align=00001  Fill=0000
    BSS               Offs=000000  Size=00002B  Align=00001  Fill=0000
    DATA              Offs=000000  Size=000003  Align=00001  Fill=0000
bu6502.lib(addysp.o):
    CODE              Offs=000413  Size=00000E  Align=00001  Fill=0000
bu6502.lib(axlong.o):
    CODE              Offs=000421  Size=000012  Align=00001  Fill=0000
bu6502.lib(condes.o):
    CODE              Offs=000433  Size=00000C  Align=00001  Fill=0000
    DATA              Offs=000003  Size=000025  Align=00001  Fill=0000
    INIT              Offs=000000  Size=00000C  Align=00001  Fill=0000
bu6502.lib(copydata.o):
    CODE              Offs=00043F  Size=00002D  Align=00001  Fill=0000
bu6502.lib(cprintf.o):
    CODE              Offs=00046C  Size=00002A  Align=00001  Fill=0000
    BSS               Offs=00002B  Size=000001  Align=00001  Fill=0000
bu6502.lib(decsp4.o):
    CODE              Offs=000496  Size=00000D  Align=00001  Fill=0000
bu6502.lib(decsp6.o):
    CODE              Offs=0004A3  Size=00000D  Align=00001  Fill=0000
bu6502.lib(decsp8.o):
    CODE              Offs=0004B0  Size=00000D  Align=00001  Fill=0000
bu6502.lib(incsp2.o):
    CODE              Offs=0004BD  Size=000016  Align=00001  Fill=0000
bu6502.lib(incsp4.o):
    CODE              Offs=0004D3  Size=000005  Align=00001  Fill=0000
bu6502.lib(incsp8.o):
    CODE              Offs=0004D8  Size=000005  Align=00001  Fill=0000
bu6502.lib(lcmp.o):
    CODE              Offs=0004DD  Size=00003B  Align=00001  Fill=0000
bu6502.lib(ldeaxysp.o):
    CODE              Offs=000518  Size=000013  Align=00001  Fill=0000
bu6502.lib(linc.o):
    CODE              Offs=00052B  Size=000011  Align=00001  Fill=0000
bu6502.lib(llt.o):
    CODE              Offs=00053C  Size=000006  Align=00001  Fill=0000
bu6502.lib(lpush.o):
    CODE              Offs=000542  Size=000021  Align=00001  Fill=0000
bu6502.lib(lsave.o):
    CODE              Offs=000563  Size=00001C  Align=00001  Fill=0000
bu6502.lib(ltoa.o):
    CODE              Offs=00057F  Size=0000AF  Align=00001  Fill=0000
bu6502.lib(makebool.o):
    CODE              Offs=00062E  Size=000031  Align=00001  Fill=0000
bu6502.lib(push1.o):
    CODE              Offs=00065F  Size=000005  Align=00001  Fill=0000
bu6502.lib(pushax.o):
    CODE              Offs=000664  Size=00001A  Align=00001  Fill=0000
bu6502.lib(steaxsp.o):
    CODE              Offs=00067E  Size=000015  Align=00001  Fill=0000
bu6502.lib(strlen.o):
    CODE              Offs=000693  Size=000016  Align=00001  Fill=0000
bu6502.lib(strlower.o):
    CODE              Offs=0006A9  Size=000028  Align=00001  Fill=0000
bu6502.lib(vcprintf.o):
    CODE              Offs=0006D1  Size=00007E  Align=00001  Fill=0000
    DATA              Offs=000028  Size=000008  Align=00001  Fill=0000
bu6502.lib(zerobss.o):
    INIT              Offs=00000C  Size=000023  Align=00001  Fill=0000
bu6502.lib(zeropage.o):
    ZEROPAGE          Offs=000000  Size=00001A  Align=00001  Fill=0000
bu6502.lib(bu6502interrupt.o):
    CODE              Offs=00074F  Size=000013  Align=00001  Fill=0000
bu6502.lib(crt0.o):
    STARTUP           Offs=000000  Size=00001C  Align=00001  Fill=0000
    VECTORS           Offs=000000  Size=000006  Align=00001  Fill=0000
bu6502.lib(ctype.o):
    RODATA            Offs=000020  Size=000100  Align=00001  Fill=0000
bu6502.lib(cputc.o):
    CODE              Offs=000762  Size=000004  Align=00001  Fill=0000


Segment list:
-------------
Name                   Start     End    Size  Align
----------------------------------------------------
ZEROPAGE              000000  000019  00001A  00001
DATA                  000200  00022F  000030  00001
STARTUP               000500  00051B  00001C  00001
INIT                  00051C  00054A  00002F  00001
CODE                  00054B  000CB0  000766  00001
RODATA                000CB1  000DD0  000120  00001
BSS                   000DD1  000DFC  00002C  00001
VECTORS               00FFFA  00FFFF  000006  00001


Exports list:
-------------
__BSS_RUN__               000DD1 RLA    __BSS_SIZE__              00002C REA    
__CONSTRUCTOR_COUNT__     000000 REA    __CONSTRUCTOR_TABLE__     00051C RLA    
__DATA_LOAD__             000200 RLA    __DATA_RUN__              000200 RLA    
__DATA_SIZE__             000030 REA    __DESTRUCTOR_COUNT__      000000 REA    
__DESTRUCTOR_TABLE__      00051C RLA    __STACKSTART__            00FEFF REA    
__STARTUP__               000001 REA    __ctype                   000CD1 RLA    
__hextab                  000CB5 RLA    __longminstr              000CC5 RLA    
__printf                  0006AC RLA    _cprintf                  0009B7 RLA    
_cputc                    000CAD RLA    _irq_int                  000C9B RLA    
_ltoa                     000AE6 RLA    _main                     00054B RLA    
_nmi_int                  000C9A RLA    _strlen                   000BDE RLA    
_strlower                 000BF4 RLA    _ultoa                    000B3D RLA    
_vcprintf                 000C6A RLA    addysp                    00095F RLA    
axlong                    000973 RLA    axulong                   00096C RLA    
boollt                    000B87 RLA    copydata                  00098A RLA    
decsp4                    0009E1 RLA    decsp6                    0009EE RLA    
decsp8                    0009FB RLA    donelib                   00097E RLA    
inceaxy                   000A76 RLA    incsp4                    000A1E RLA    
incsp8                    000A23 RLA    initlib                   00051C RLA    
ldeaxysp                  000A65 RLA    popax                     000A08 RLA    
ptr1                      000008 RLZ    ptr2                      00000A RLZ    
ptr3                      00000C RLZ    ptr4                      00000E RLZ    
push1                     000BAA RLA    pusha0                    000BB1 RLA    
pushax                    000BB3 RLA    pusheax                   000A96 RLA    
regbank                   000014 RLZ    regsave                   000004 RLZ    
resteax                   000ABD RLA    saveeax                   000AAE RLA    
sp                        000000 RLZ    sreg                      000002 RLZ    
steaxysp                  000BCB RLA    tmp1                      000010 RLZ    
toslcmp                   000A28 RLA    toslteax                  000A87 RLA    
zerobss                   000528 RLA    


Imports list:
-------------
__BSS_RUN__ ([linker generated]):
    zerobss.o                 common/zerobss.s(8)
__BSS_SIZE__ ([linker generated]):
    zerobss.o                 common/zerobss.s(8)
__CONSTRUCTOR_COUNT__ ([linker generated]):
    condes.o                  runtime/condes.s(18)
__CONSTRUCTOR_TABLE__ ([linker generated]):
    condes.o                  runtime/condes.s(18)
__DATA_LOAD__ ([linker generated]):
    copydata.o                common/copydata.s(8)
__DATA_RUN__ ([linker generated]):
    copydata.o                common/copydata.s(8)
__DATA_SIZE__ ([linker generated]):
    copydata.o                common/copydata.s(8)
__DESTRUCTOR_COUNT__ ([linker generated]):
    condes.o                  runtime/condes.s(19)
__DESTRUCTOR_TABLE__ ([linker generated]):
    condes.o                  runtime/condes.s(19)
__STACKSTART__ ([linker generated]):
    crt0.o                    crt0.s(12)
__STARTUP__ (crt0.o):
    p1.o                      p1.s(13)
__ctype (ctype.o):
    strlower.o                common/strlower.s(13)
__hextab (_hextab.o):
    ltoa.o                    common/ltoa.s(10)
__longminstr (_longminstr.o):
    ltoa.o                    common/ltoa.s(10)
__printf (_printf.o):
    vcprintf.o                conio/vcprintf.s(9)
_cprintf (cprintf.o):
    p1.o                      p1.s(14)
_cputc (cputc.o):
    vcprintf.o                conio/vcprintf.s(9)
_irq_int (bu6502interrupt.o):
    crt0.o                    crt0.s(9)
_ltoa (ltoa.o):
    _printf.o                 common/_printf.s(12)
_main (p1.o):
    crt0.o                    crt0.s(9)
_nmi_int (bu6502interrupt.o):
    crt0.o                    crt0.s(9)
_strlen (strlen.o):
    _printf.o                 common/_printf.s(13)
_strlower (strlower.o):
    _printf.o                 common/_printf.s(13)
_ultoa (ltoa.o):
    _printf.o                 common/_printf.s(12)
_vcprintf (vcprintf.o):
    cprintf.o                 conio/cprintf.s(8)
addysp (addysp.o):
    incsp4.o                  runtime/incsp4.s(8)
    incsp8.o                  runtime/incsp8.s(8)
    cprintf.o                 conio/cprintf.s(8)
axlong (axlong.o):
    _printf.o                 common/_printf.s(11)
axulong (axlong.o):
    _printf.o                 common/_printf.s(11)
boollt (makebool.o):
    llt.o                     runtime/llt.s(8)
copydata (copydata.o):
    crt0.o                    crt0.s(13)
decsp4 (decsp4.o):
    lpush.o                   runtime/lpush.s(11)
decsp6 (decsp6.o):
    _printf.o                 common/_printf.s(11)
decsp8 (decsp8.o):
    p1.o                      p1.s(85)
donelib (condes.o):
    crt0.o                    crt0.s(13)
inceaxy (linc.o):
    p1.o                      p1.s(85)
incsp4 (incsp4.o):
    lcmp.o                    runtime/lcmp.s(9)
incsp8 (incsp8.o):
    p1.o                      p1.s(85)
initlib (condes.o):
    crt0.o                    crt0.s(13)
ldeaxysp (ldeaxysp.o):
    p1.o                      p1.s(85)
popax (incsp2.o):
    ltoa.o                    common/ltoa.s(9)
    _printf.o                 common/_printf.s(11)
    vcprintf.o                conio/vcprintf.s(8)
ptr1 (zeropage.o):
    zerobss.o                 common/zerobss.s(9)
    strlower.o                common/strlower.s(14)
    strlen.o                  common/strlen.s(8)
    ltoa.o                    common/ltoa.s(11)
    lcmp.o                    runtime/lcmp.s(10)
    copydata.o                common/copydata.s(9)
    _printf.o                 /Users/tu/Documents/MLProject/6502/ext/install/share/cc65/asminc/zeropage.inc(12)
    vcprintf.o                conio/vcprintf.s(10)
    cprintf.o                 conio/cprintf.s(9)
ptr2 (zeropage.o):
    strlower.o                common/strlower.s(14)
    ltoa.o                    common/ltoa.s(11)
    copydata.o                common/copydata.s(9)
    _printf.o                 /Users/tu/Documents/MLProject/6502/ext/install/share/cc65/asminc/zeropage.inc(12)
    vcprintf.o                conio/vcprintf.s(10)
ptr3 (zeropage.o):
    ltoa.o                    common/ltoa.s(11)
    vcprintf.o                conio/vcprintf.s(10)
ptr4 (zeropage.o):
    linc.o                    runtime/linc.s(8)
push1 (push1.o):
    _printf.o                 common/_printf.s(11)
pusha0 (pushax.o):
    push1.o                   runtime/push1.s(8)
pushax (pushax.o):
    _printf.o                 common/_printf.s(11)
    vcprintf.o                conio/vcprintf.s(8)
    cprintf.o                 conio/cprintf.s(8)
    p1.o                      p1.s(85)
pusheax (lpush.o):
    _printf.o                 common/_printf.s(11)
    p1.o                      p1.s(85)
regbank (zeropage.o):
    _printf.o                 /Users/tu/Documents/MLProject/6502/ext/install/share/cc65/asminc/zeropage.inc(14)
regsave (zeropage.o):
    lsave.o                   runtime/lsave.s(8)
resteax (lsave.o):
    p1.o                      p1.s(85)
saveeax (lsave.o):
    p1.o                      p1.s(85)
sp (zeropage.o):
    lcmp.o                    runtime/lcmp.s(10)
    incsp2.o                  runtime/incsp2.s(8)
    decsp6.o                  runtime/decsp6.s(8)
    decsp4.o                  runtime/decsp4.s(8)
    addysp.o                  runtime/addysp.s(8)
    _printf.o                 /Users/tu/Documents/MLProject/6502/ext/install/share/cc65/asminc/zeropage.inc(11)
    crt0.o                    /Users/tu/Documents/MLProject/datasources/6502/ext/install/share/cc65/asminc/zeropage.inc(11)
    vcprintf.o                conio/vcprintf.s(10)
    steaxsp.o                 runtime/steaxsp.s(8)
    pushax.o                  runtime/pushax.s(8)
    lpush.o                   runtime/lpush.s(12)
    ldeaxysp.o                runtime/ldeaxysp.s(12)
    decsp8.o                  runtime/decsp8.s(8)
    cprintf.o                 conio/cprintf.s(9)
    p1.o                      p1.s(10)
sreg (zeropage.o):
    ltoa.o                    common/ltoa.s(11)
    lcmp.o                    runtime/lcmp.s(10)
    axlong.o                  runtime/axlong.s(8)
    _printf.o                 /Users/tu/Documents/MLProject/6502/ext/install/share/cc65/asminc/zeropage.inc(11)
    steaxsp.o                 runtime/steaxsp.s(8)
    lsave.o                   runtime/lsave.s(8)
    lpush.o                   runtime/lpush.s(12)
    linc.o                    runtime/linc.s(8)
    ldeaxysp.o                runtime/ldeaxysp.s(12)
    p1.o                      p1.s(10)
steaxysp (steaxsp.o):
    p1.o                      p1.s(85)
tmp1 (zeropage.o):
    ltoa.o                    common/ltoa.s(11)
    copydata.o                common/copydata.s(9)
    _printf.o                 /Users/tu/Documents/MLProject/6502/ext/install/share/cc65/asminc/zeropage.inc(13)
    vcprintf.o                conio/vcprintf.s(10)
toslcmp (lcmp.o):
    llt.o                     runtime/llt.s(8)
toslteax (llt.o):
    p1.o                      p1.s(85)
zerobss (zerobss.o):
    crt0.o                    crt0.s(13)

