Modules list:
-------------
p2.o:
    CODE              Offs=000000  Size=000066  Align=00001  Fill=0000
    RODATA            Offs=000000  Size=000004  Align=00001  Fill=0000
bu6502.lib(_hextab.o):
    RODATA            Offs=000004  Size=000010  Align=00001  Fill=0000
bu6502.lib(_longminstr.o):
    RODATA            Offs=000014  Size=00000C  Align=00001  Fill=0000
bu6502.lib(_printf.o):
    CODE              Offs=000066  Size=0003A5  Align=00001  Fill=0000
    BSS               Offs=000000  Size=00002B  Align=00001  Fill=0000
    DATA              Offs=000000  Size=000003  Align=00001  Fill=0000
bu6502.lib(addysp.o):
    CODE              Offs=00040B  Size=00000E  Align=00001  Fill=0000
bu6502.lib(axlong.o):
    CODE              Offs=000419  Size=000012  Align=00001  Fill=0000
bu6502.lib(condes.o):
    CODE              Offs=00042B  Size=00000C  Align=00001  Fill=0000
    DATA              Offs=000003  Size=000025  Align=00001  Fill=0000
    INIT              Offs=000000  Size=00000C  Align=00001  Fill=0000
bu6502.lib(copydata.o):
    CODE              Offs=000437  Size=00002D  Align=00001  Fill=0000
bu6502.lib(cprintf.o):
    CODE              Offs=000464  Size=00002A  Align=00001  Fill=0000
    BSS               Offs=00002B  Size=000001  Align=00001  Fill=0000
bu6502.lib(decsp4.o):
    CODE              Offs=00048E  Size=00000D  Align=00001  Fill=0000
bu6502.lib(decsp6.o):
    CODE              Offs=00049B  Size=00000D  Align=00001  Fill=0000
bu6502.lib(decsp8.o):
    CODE              Offs=0004A8  Size=00000D  Align=00001  Fill=0000
bu6502.lib(incsp2.o):
    CODE              Offs=0004B5  Size=000016  Align=00001  Fill=0000
bu6502.lib(incsp4.o):
    CODE              Offs=0004CB  Size=000005  Align=00001  Fill=0000
bu6502.lib(incsp8.o):
    CODE              Offs=0004D0  Size=000005  Align=00001  Fill=0000
bu6502.lib(lcmp.o):
    CODE              Offs=0004D5  Size=00003B  Align=00001  Fill=0000
bu6502.lib(ldeaxysp.o):
    CODE              Offs=000510  Size=000013  Align=00001  Fill=0000
bu6502.lib(linc.o):
    CODE              Offs=000523  Size=000011  Align=00001  Fill=0000
bu6502.lib(llt.o):
    CODE              Offs=000534  Size=000006  Align=00001  Fill=0000
bu6502.lib(lpush.o):
    CODE              Offs=00053A  Size=000021  Align=00001  Fill=0000
bu6502.lib(lsave.o):
    CODE              Offs=00055B  Size=00001C  Align=00001  Fill=0000
bu6502.lib(ltoa.o):
    CODE              Offs=000577  Size=0000AF  Align=00001  Fill=0000
bu6502.lib(makebool.o):
    CODE              Offs=000626  Size=000031  Align=00001  Fill=0000
bu6502.lib(push1.o):
    CODE              Offs=000657  Size=000005  Align=00001  Fill=0000
bu6502.lib(pushax.o):
    CODE              Offs=00065C  Size=00001A  Align=00001  Fill=0000
bu6502.lib(steaxsp.o):
    CODE              Offs=000676  Size=000015  Align=00001  Fill=0000
bu6502.lib(strlen.o):
    CODE              Offs=00068B  Size=000016  Align=00001  Fill=0000
bu6502.lib(strlower.o):
    CODE              Offs=0006A1  Size=000028  Align=00001  Fill=0000
bu6502.lib(vcprintf.o):
    CODE              Offs=0006C9  Size=00007E  Align=00001  Fill=0000
    DATA              Offs=000028  Size=000008  Align=00001  Fill=0000
bu6502.lib(zerobss.o):
    INIT              Offs=00000C  Size=000023  Align=00001  Fill=0000
bu6502.lib(zeropage.o):
    ZEROPAGE          Offs=000000  Size=00001A  Align=00001  Fill=0000
bu6502.lib(bu6502interrupt.o):
    CODE              Offs=000747  Size=000013  Align=00001  Fill=0000
bu6502.lib(crt0.o):
    STARTUP           Offs=000000  Size=00001C  Align=00001  Fill=0000
    VECTORS           Offs=000000  Size=000006  Align=00001  Fill=0000
bu6502.lib(ctype.o):
    RODATA            Offs=000020  Size=000100  Align=00001  Fill=0000
bu6502.lib(cputc.o):
    CODE              Offs=00075A  Size=000004  Align=00001  Fill=0000


Segment list:
-------------
Name                   Start     End    Size  Align
----------------------------------------------------
ZEROPAGE              000000  000019  00001A  00001
DATA                  000200  00022F  000030  00001
STARTUP               000500  00051B  00001C  00001
INIT                  00051C  00054A  00002F  00001
CODE                  00054B  000CA8  00075E  00001
RODATA                000CA9  000DC8  000120  00001
BSS                   000DC9  000DF4  00002C  00001
VECTORS               00FFFA  00FFFF  000006  00001


Exports list:
-------------
__BSS_RUN__               000DC9 RLA    __BSS_SIZE__              00002C REA    
__CONSTRUCTOR_COUNT__     000000 REA    __CONSTRUCTOR_TABLE__     00051C RLA    
__DATA_LOAD__             000200 RLA    __DATA_RUN__              000200 RLA    
__DATA_SIZE__             000030 REA    __DESTRUCTOR_COUNT__      000000 REA    
__DESTRUCTOR_TABLE__      00051C RLA    __STACKSTART__            00FEFF REA    
__STARTUP__               000001 REA    __ctype                   000CC9 RLA    
__hextab                  000CAD RLA    __longminstr              000CBD RLA    
__printf                  0006A4 RLA    _cprintf                  0009AF RLA    
_cputc                    000CA5 RLA    _irq_int                  000C93 RLA    
_ltoa                     000ADE RLA    _main                     00054B RLA    
_nmi_int                  000C92 RLA    _strlen                   000BD6 RLA    
_strlower                 000BEC RLA    _ultoa                    000B35 RLA    
_vcprintf                 000C62 RLA    addysp                    000957 RLA    
axlong                    00096B RLA    axulong                   000964 RLA    
boollt                    000B7F RLA    copydata                  000982 RLA    
decsp4                    0009D9 RLA    decsp6                    0009E6 RLA    
decsp8                    0009F3 RLA    donelib                   000976 RLA    
inceaxy                   000A6E RLA    incsp4                    000A16 RLA    
incsp8                    000A1B RLA    initlib                   00051C RLA    
ldeaxysp                  000A5D RLA    popax                     000A00 RLA    
ptr1                      000008 RLZ    ptr2                      00000A RLZ    
ptr3                      00000C RLZ    ptr4                      00000E RLZ    
push1                     000BA2 RLA    pusha0                    000BA9 RLA    
pushax                    000BAB RLA    pusheax                   000A8E RLA    
regbank                   000014 RLZ    regsave                   000004 RLZ    
resteax                   000AB5 RLA    saveeax                   000AA6 RLA    
sp                        000000 RLZ    sreg                      000002 RLZ    
steax0sp                  000BC1 RLA    steaxysp                  000BC3 RLA    
tmp1                      000010 RLZ    toslcmp                   000A20 RLA    
toslteax                  000A7F RLA    zerobss                   000528 RLA    



Imports list:
-------------
__BSS_RUN__ ([linker generated]):
    zerobss.o                 common/zerobss.s(8)
__BSS_SIZE__ ([linker generated]):
    zerobss.o                 common/zerobss.s(8)
__CONSTRUCTOR_COUNT__ ([linker generated]):
    condes.o                  runtime/condes.s(18)
__CONSTRUCTOR_TABLE__ ([linker generated]):
    condes.o                  runtime/condes.s(18)
__DATA_LOAD__ ([linker generated]):
    copydata.o                common/copydata.s(8)
__DATA_RUN__ ([linker generated]):
    copydata.o                common/copydata.s(8)
__DATA_SIZE__ ([linker generated]):
    copydata.o                common/copydata.s(8)
__DESTRUCTOR_COUNT__ ([linker generated]):
    condes.o                  runtime/condes.s(19)
__DESTRUCTOR_TABLE__ ([linker generated]):
    condes.o                  runtime/condes.s(19)
__STACKSTART__ ([linker generated]):
    crt0.o                    crt0.s(12)
__STARTUP__ (crt0.o):
    p2.o                      p2.s(13)
__ctype (ctype.o):
    strlower.o                common/strlower.s(13)
__hextab (_hextab.o):
    ltoa.o                    common/ltoa.s(10)
__longminstr (_longminstr.o):
    ltoa.o                    common/ltoa.s(10)
__printf (_printf.o):
    vcprintf.o                conio/vcprintf.s(9)
_cprintf (cprintf.o):
    p2.o                      p2.s(14)
_cputc (cputc.o):
    vcprintf.o                conio/vcprintf.s(9)
_irq_int (bu6502interrupt.o):
    crt0.o                    crt0.s(9)
_ltoa (ltoa.o):
    _printf.o                 common/_printf.s(12)
_main (p2.o):
    crt0.o                    crt0.s(9)
_nmi_int (bu6502interrupt.o):
    crt0.o                    crt0.s(9)
_strlen (strlen.o):
    _printf.o                 common/_printf.s(13)
_strlower (strlower.o):
    _printf.o                 common/_printf.s(13)
_ultoa (ltoa.o):
    _printf.o                 common/_printf.s(12)
_vcprintf (vcprintf.o):
    cprintf.o                 conio/cprintf.s(8)
addysp (addysp.o):
    incsp4.o                  runtime/incsp4.s(8)
    incsp8.o                  runtime/incsp8.s(8)
    cprintf.o                 conio/cprintf.s(8)
axlong (axlong.o):
    _printf.o                 common/_printf.s(11)
axulong (axlong.o):
    _printf.o                 common/_printf.s(11)
boollt (makebool.o):
    llt.o                     runtime/llt.s(8)
copydata (copydata.o):
    crt0.o                    crt0.s(13)
decsp4 (decsp4.o):
    lpush.o                   runtime/lpush.s(11)
decsp6 (decsp6.o):
    _printf.o                 common/_printf.s(11)
decsp8 (decsp8.o):
    p2.o                      p2.s(78)
donelib (condes.o):
    crt0.o                    crt0.s(13)
inceaxy (linc.o):
    p2.o                      p2.s(78)
incsp4 (incsp4.o):
    lcmp.o                    runtime/lcmp.s(9)
incsp8 (incsp8.o):
    p2.o                      p2.s(78)
initlib (condes.o):
    crt0.o                    crt0.s(13)
ldeaxysp (ldeaxysp.o):
    p2.o                      p2.s(78)
popax (incsp2.o):
    ltoa.o                    common/ltoa.s(9)
    _printf.o                 common/_printf.s(11)
    vcprintf.o                conio/vcprintf.s(8)
ptr1 (zeropage.o):
    zerobss.o                 common/zerobss.s(9)
    strlower.o                common/strlower.s(14)
    strlen.o                  common/strlen.s(8)
    ltoa.o                    common/ltoa.s(11)
    lcmp.o                    runtime/lcmp.s(10)
    copydata.o                common/copydata.s(9)
    _printf.o                 /Users/tu/Documents/MLProject/6502/ext/install/share/cc65/asminc/zeropage.inc(12)
    vcprintf.o                conio/vcprintf.s(10)
    cprintf.o                 conio/cprintf.s(9)
ptr2 (zeropage.o):
    strlower.o                common/strlower.s(14)
    ltoa.o                    common/ltoa.s(11)
    copydata.o                common/copydata.s(9)
    _printf.o                 /Users/tu/Documents/MLProject/6502/ext/install/share/cc65/asminc/zeropage.inc(12)
    vcprintf.o                conio/vcprintf.s(10)
ptr3 (zeropage.o):
    ltoa.o                    common/ltoa.s(11)
    vcprintf.o                conio/vcprintf.s(10)
ptr4 (zeropage.o):
    linc.o                    runtime/linc.s(8)
push1 (push1.o):
    _printf.o                 common/_printf.s(11)
pusha0 (pushax.o):
    push1.o                   runtime/push1.s(8)
pushax (pushax.o):
    _printf.o                 common/_printf.s(11)
    vcprintf.o                conio/vcprintf.s(8)
    cprintf.o                 conio/cprintf.s(8)
    p2.o                      p2.s(78)
pusheax (lpush.o):
    _printf.o                 common/_printf.s(11)
    p2.o                      p2.s(78)
regbank (zeropage.o):
    _printf.o                 /Users/tu/Documents/MLProject/6502/ext/install/share/cc65/asminc/zeropage.inc(14)
regsave (zeropage.o):
    lsave.o                   runtime/lsave.s(8)
resteax (lsave.o):
    p2.o                      p2.s(78)
saveeax (lsave.o):
    p2.o                      p2.s(78)
sp (zeropage.o):
    lcmp.o                    runtime/lcmp.s(10)
    incsp2.o                  runtime/incsp2.s(8)
    decsp6.o                  runtime/decsp6.s(8)
    decsp4.o                  runtime/decsp4.s(8)
    addysp.o                  runtime/addysp.s(8)
    _printf.o                 /Users/tu/Documents/MLProject/6502/ext/install/share/cc65/asminc/zeropage.inc(11)
    crt0.o                    /Users/tu/Documents/MLProject/datasources/6502/ext/install/share/cc65/asminc/zeropage.inc(11)
    vcprintf.o                conio/vcprintf.s(10)
    steaxsp.o                 runtime/steaxsp.s(8)
    pushax.o                  runtime/pushax.s(8)
    lpush.o                   runtime/lpush.s(12)
    ldeaxysp.o                runtime/ldeaxysp.s(12)
    decsp8.o                  runtime/decsp8.s(8)
    cprintf.o                 conio/cprintf.s(9)
    p2.o                      p2.s(10)
sreg (zeropage.o):
    ltoa.o                    common/ltoa.s(11)
    lcmp.o                    runtime/lcmp.s(10)
    axlong.o                  runtime/axlong.s(8)
    _printf.o                 /Users/tu/Documents/MLProject/6502/ext/install/share/cc65/asminc/zeropage.inc(11)
    steaxsp.o                 runtime/steaxsp.s(8)
    lsave.o                   runtime/lsave.s(8)
    lpush.o                   runtime/lpush.s(12)
    linc.o                    runtime/linc.s(8)
    ldeaxysp.o                runtime/ldeaxysp.s(12)
    p2.o                      p2.s(10)
steax0sp (steaxsp.o):
    p2.o                      p2.s(78)
steaxysp (steaxsp.o):
    p2.o                      p2.s(78)
tmp1 (zeropage.o):
    ltoa.o                    common/ltoa.s(11)
    copydata.o                common/copydata.s(9)
    _printf.o                 /Users/tu/Documents/MLProject/6502/ext/install/share/cc65/asminc/zeropage.inc(13)
    vcprintf.o                conio/vcprintf.s(10)
toslcmp (lcmp.o):
    llt.o                     runtime/llt.s(8)
toslteax (llt.o):
    p2.o                      p2.s(78)
zerobss (zerobss.o):
    crt0.o                    crt0.s(13)

