Modules list:
-------------
p3.o:
    CODE              Offs=000000  Size=000077  Align=00001  Fill=0000
    RODATA            Offs=000000  Size=000004  Align=00001  Fill=0000
bu6502.lib(_hextab.o):
    RODATA            Offs=000004  Size=000010  Align=00001  Fill=0000
bu6502.lib(_longminstr.o):
    RODATA            Offs=000014  Size=00000C  Align=00001  Fill=0000
bu6502.lib(_oserror.o):
    BSS               Offs=000000  Size=000001  Align=00001  Fill=0000
bu6502.lib(_printf.o):
    CODE              Offs=000077  Size=0003A5  Align=00001  Fill=0000
    BSS               Offs=000001  Size=00002B  Align=00001  Fill=0000
    DATA              Offs=000000  Size=000003  Align=00001  Fill=0000
bu6502.lib(_scanf.o):
    CODE              Offs=00041C  Size=0007CE  Align=00001  Fill=0000
    RODATA            Offs=000020  Size=000008  Align=00001  Fill=0000
    BSS               Offs=00002C  Size=000042  Align=00001  Fill=0000
bu6502.lib(_seterrno.o):
    CODE              Offs=000BEA  Size=000009  Align=00001  Fill=0000
bu6502.lib(addysp.o):
    CODE              Offs=000BF3  Size=00000E  Align=00001  Fill=0000
bu6502.lib(axlong.o):
    CODE              Offs=000C01  Size=000012  Align=00001  Fill=0000
bu6502.lib(compl.o):
    CODE              Offs=000C13  Size=000009  Align=00001  Fill=0000
bu6502.lib(condes.o):
    CODE              Offs=000C1C  Size=00000C  Align=00001  Fill=0000
    DATA              Offs=000003  Size=000025  Align=00001  Fill=0000
    INIT              Offs=000000  Size=00000C  Align=00001  Fill=0000
bu6502.lib(copydata.o):
    CODE              Offs=000C28  Size=00002D  Align=00001  Fill=0000
bu6502.lib(cprintf.o):
    CODE              Offs=000C55  Size=00002A  Align=00001  Fill=0000
    BSS               Offs=00006E  Size=000001  Align=00001  Fill=0000
bu6502.lib(cscanf.o):
    CODE              Offs=000C7F  Size=00002A  Align=00001  Fill=0000
    BSS               Offs=00006F  Size=000001  Align=00001  Fill=0000
bu6502.lib(decsp4.o):
    CODE              Offs=000CA9  Size=00000D  Align=00001  Fill=0000
bu6502.lib(decsp6.o):
    CODE              Offs=000CB6  Size=00000D  Align=00001  Fill=0000
bu6502.lib(decsp8.o):
    CODE              Offs=000CC3  Size=00000D  Align=00001  Fill=0000
bu6502.lib(errno.o):
    CODE              Offs=000CD0  Size=000018  Align=00001  Fill=0000
    BSS               Offs=000070  Size=000002  Align=00001  Fill=0000
bu6502.lib(icmp.o):
    CODE              Offs=000CE8  Size=00002E  Align=00001  Fill=0000
bu6502.lib(incsp1.o):
    CODE              Offs=000D16  Size=000007  Align=00001  Fill=0000
bu6502.lib(incsp2.o):
    CODE              Offs=000D1D  Size=000016  Align=00001  Fill=0000
bu6502.lib(incsp4.o):
    CODE              Offs=000D33  Size=000005  Align=00001  Fill=0000
bu6502.lib(incsp8.o):
    CODE              Offs=000D38  Size=000005  Align=00001  Fill=0000
bu6502.lib(isspace.o):
    CODE              Offs=000D3D  Size=00000F  Align=00001  Fill=0000
bu6502.lib(isxdigit.o):
    CODE              Offs=000D4C  Size=00000F  Align=00001  Fill=0000
bu6502.lib(jmpvec.o):
    DATA              Offs=000028  Size=000003  Align=00001  Fill=0000
bu6502.lib(ladd.o):
    CODE              Offs=000D5B  Size=000025  Align=00001  Fill=0000
bu6502.lib(lcmp.o):
    CODE              Offs=000D80  Size=00003B  Align=00001  Fill=0000
bu6502.lib(ldeaxysp.o):
    CODE              Offs=000DBB  Size=000013  Align=00001  Fill=0000
bu6502.lib(linc.o):
    CODE              Offs=000DCE  Size=000011  Align=00001  Fill=0000
bu6502.lib(llt.o):
    CODE              Offs=000DDF  Size=000006  Align=00001  Fill=0000
bu6502.lib(lmul.o):
    CODE              Offs=000DE5  Size=00005C  Align=00001  Fill=0000
bu6502.lib(lneg.o):
    CODE              Offs=000E41  Size=00001E  Align=00001  Fill=0000
bu6502.lib(longjmp.o):
    CODE              Offs=000E5F  Size=000030  Align=00001  Fill=0000
bu6502.lib(lpush.o):
    CODE              Offs=000E8F  Size=000021  Align=00001  Fill=0000
bu6502.lib(lsave.o):
    CODE              Offs=000EB0  Size=00001C  Align=00001  Fill=0000
bu6502.lib(ltoa.o):
    CODE              Offs=000ECC  Size=0000AF  Align=00001  Fill=0000
bu6502.lib(makebool.o):
    CODE              Offs=000F7B  Size=000031  Align=00001  Fill=0000
bu6502.lib(mulax10.o):
    CODE              Offs=000FAC  Size=000019  Align=00001  Fill=0000
bu6502.lib(push1.o):
    CODE              Offs=000FC5  Size=000005  Align=00001  Fill=0000
bu6502.lib(pusha.o):
    CODE              Offs=000FCA  Size=000016  Align=00001  Fill=0000
bu6502.lib(pushax.o):
    CODE              Offs=000FE0  Size=00001A  Align=00001  Fill=0000
bu6502.lib(setjmp.o):
    CODE              Offs=000FFA  Size=000026  Align=00001  Fill=0000
bu6502.lib(steaxsp.o):
    CODE              Offs=001020  Size=000015  Align=00001  Fill=0000
bu6502.lib(strlen.o):
    CODE              Offs=001035  Size=000016  Align=00001  Fill=0000
bu6502.lib(strlower.o):
    CODE              Offs=00104B  Size=000028  Align=00001  Fill=0000
bu6502.lib(sub.o):
    CODE              Offs=001073  Size=000015  Align=00001  Fill=0000
bu6502.lib(swap.o):
    CODE              Offs=001088  Size=000017  Align=00001  Fill=0000
bu6502.lib(tolower.o):
    CODE              Offs=00109F  Size=000010  Align=00001  Fill=0000
bu6502.lib(vcprintf.o):
    CODE              Offs=0010AF  Size=00007E  Align=00001  Fill=0000
    DATA              Offs=00002B  Size=000008  Align=00001  Fill=0000
bu6502.lib(vcscanf.o):
    CODE              Offs=00112D  Size=00003C  Align=00001  Fill=0000
    RODATA            Offs=000028  Size=000004  Align=00001  Fill=0000
    BSS               Offs=000072  Size=000002  Align=00001  Fill=0000
bu6502.lib(zerobss.o):
    INIT              Offs=00000C  Size=000023  Align=00001  Fill=0000
bu6502.lib(zeropage.o):
    ZEROPAGE          Offs=000000  Size=00001A  Align=00001  Fill=0000
bu6502.lib(bu6502interrupt.o):
    CODE              Offs=001169  Size=000013  Align=00001  Fill=0000
bu6502.lib(crt0.o):
    STARTUP           Offs=000000  Size=00001C  Align=00001  Fill=0000
    VECTORS           Offs=000000  Size=000006  Align=00001  Fill=0000
bu6502.lib(ctype.o):
    RODATA            Offs=00002C  Size=000100  Align=00001  Fill=0000
bu6502.lib(cputc.o):
    CODE              Offs=00117C  Size=000004  Align=00001  Fill=0000
bu6502.lib(cgetc.o):
    CODE              Offs=001180  Size=000004  Align=00001  Fill=0000
bu6502.lib(oserror.o):
    CODE              Offs=001184  Size=000016  Align=00001  Fill=0000
    RODATA            Offs=00012C  Size=000030  Align=00001  Fill=0000


Segment list:
-------------
Name                   Start     End    Size  Align
----------------------------------------------------
ZEROPAGE              000000  000019  00001A  00001
DATA                  000200  000232  000033  00001
STARTUP               000500  00051B  00001C  00001
INIT                  00051C  00054A  00002F  00001
CODE                  00054B  0016E4  00119A  00001
RODATA                0016E5  001840  00015C  00001
BSS                   001841  0018B4  000074  00001
VECTORS               00FFFA  00FFFF  000006  00001


Exports list:
-------------
__BSS_RUN__               001841 RLA    __BSS_SIZE__              000074 REA    
__CONSTRUCTOR_COUNT__     000000 REA    __CONSTRUCTOR_TABLE__     00051C RLA    
__DATA_LOAD__             000200 RLA    __DATA_RUN__              000200 RLA    
__DATA_SIZE__             000033 REA    __DESTRUCTOR_COUNT__      000000 REA    
__DESTRUCTOR_TABLE__      00051C RLA    __STACKSTART__            00FEFF REA    
__STARTUP__               000001 REA    __ctype                   001711 RLA    
__errno                   0018B1 RLA    __hextab                  0016E9 RLA    
__longminstr              0016F9 RLA    __oserror                 001841 RLA    
__osmaperrno              0016CF RLA    __printf                  0006B5 RLA    
__scanf                   000967 RLA    __seterrno                001135 RLA    
__setjmp                  001545 RLA    _cgetc                    0016CB RLA    
_cprintf                  0011A0 RLA    _cputc                    0016C7 RLA    
_cscanf                   0011CA RLA    _irq_int                  0016B5 RLA    
_isspace                  001288 RLA    _isxdigit                 001297 RLA    
_longjmp                  0013AA RLA    _ltoa                     001433 RLA    
_main                     00054B RLA    _nmi_int                  0016B4 RLA    
_strlen                   001580 RLA    _strlower                 001596 RLA    
_tolower                  0015EA RLA    _ultoa                    00148A RLA    
_vcprintf                 001648 RLA    _vcscanf                  00169C RLA    
addysp                    00113F RLA    addysp1                   00113E RLA    
axlong                    001153 RLA    axulong                   00114C RLA    
booleq                    0014CC RLA    boollt                    0014D4 RLA    
complax                   00115E RLA    copydata                  001173 RLA    
decsp4                    0011F4 RLA    decsp6                    001201 RLA    
decsp8                    00120E RLA    donelib                   001167 RLA    
inceaxy                   001319 RLA    incsp1                    001261 RLA    
incsp4                    00127E RLA    incsp8                    001283 RLA    
initlib                   00051C RLA    jmpvec                    000228 RLA    
ldeaxysp                  001308 RLA    mulax10                   0014F7 RLA    
negeax                    00138C RLA    popax                     001268 RLA    
ptr1                      000008 RLZ    ptr2                      00000A RLZ    
ptr3                      00000C RLZ    ptr4                      00000E RLZ    
push1                     001510 RLA    pusha                     001519 RLA    
pusha0                    00152D RLA    pushax                    00152F RLA    
pusheax                   0013E3 RLA    regbank                   000014 RLZ    
regsave                   000004 RLZ    resteax                   00140A RLA    
saveeax                   0013FB RLA    sp                        000000 RLZ    
sreg                      000002 RLZ    steaxysp                  00156D RLA    
swapstk                   0015D3 RLA    tmp1                      000010 RLZ    
tmp2                      000011 RLZ    tmp3                      000012 RLZ    
tmp4                      000013 RLZ    tosadd0ax                 0012A6 RLA    
tosicmp0                  001233 RLA    toslcmp                   0012CB RLA    
toslteax                  00132A RLA    tosmul0ax                 001330 RLA    
tossuba0                  0015BE RLA    zerobss                   000528 RLA    



Imports list:
-------------
__BSS_RUN__ ([linker generated]):
    zerobss.o                 common/zerobss.s(8)
__BSS_SIZE__ ([linker generated]):
    zerobss.o                 common/zerobss.s(8)
__CONSTRUCTOR_COUNT__ ([linker generated]):
    condes.o                  runtime/condes.s(18)
__CONSTRUCTOR_TABLE__ ([linker generated]):
    condes.o                  runtime/condes.s(18)
__DATA_LOAD__ ([linker generated]):
    copydata.o                common/copydata.s(8)
__DATA_RUN__ ([linker generated]):
    copydata.o                common/copydata.s(8)
__DATA_SIZE__ ([linker generated]):
    copydata.o                common/copydata.s(8)
__DESTRUCTOR_COUNT__ ([linker generated]):
    condes.o                  runtime/condes.s(19)
__DESTRUCTOR_TABLE__ ([linker generated]):
    condes.o                  runtime/condes.s(19)
__STACKSTART__ ([linker generated]):
    crt0.o                    crt0.s(12)
__STARTUP__ (crt0.o):
    p3.o                      p3.s(13)
__ctype (ctype.o):
    tolower.o                 common/tolower.s(8)
    strlower.o                common/strlower.s(13)
    isxdigit.o                /Users/tu/Documents/MLProject/6502/ext/install/share/cc65/asminc/ctype.inc(9)
    isspace.o                 /Users/tu/Documents/MLProject/6502/ext/install/share/cc65/asminc/ctype.inc(9)
    _scanf.o                  ../wrk/none/_scanf.s(17)
__errno (errno.o):
    _seterrno.o               /Users/tu/Documents/MLProject/6502/ext/install/share/cc65/asminc/errno.inc(7)
__hextab (_hextab.o):
    ltoa.o                    common/ltoa.s(10)
__longminstr (_longminstr.o):
    ltoa.o                    common/ltoa.s(10)
__oserror (_oserror.o):
    errno.o                   /Users/tu/Documents/MLProject/6502/ext/install/share/cc65/asminc/errno.inc(7)
__osmaperrno (oserror.o):
    errno.o                   /Users/tu/Documents/MLProject/6502/ext/install/share/cc65/asminc/errno.inc(8)
__printf (_printf.o):
    vcprintf.o                conio/vcprintf.s(9)
__scanf (_scanf.o):
    vcscanf.o                 conio/../common/_scanf.inc(17)
__seterrno (_seterrno.o):
    errno.o                   /Users/tu/Documents/MLProject/6502/ext/install/share/cc65/asminc/errno.inc(9)
    _scanf.o                  ../wrk/none/_scanf.s(16)
__setjmp (setjmp.o):
    _scanf.o                  ../wrk/none/_scanf.s(14)
_cgetc (cgetc.o):
    vcscanf.o                 conio/vcscanf.s(9)
_cprintf (cprintf.o):
    p3.o                      p3.s(14)
_cputc (cputc.o):
    vcscanf.o                 conio/vcscanf.s(9)
    vcprintf.o                conio/vcprintf.s(9)
_cscanf (cscanf.o):
    p3.o                      p3.s(15)
_irq_int (bu6502interrupt.o):
    crt0.o                    crt0.s(9)
_isspace (isspace.o):
    _scanf.o                  ../wrk/none/_scanf.s(18)
_isxdigit (isxdigit.o):
    _scanf.o                  ../wrk/none/_scanf.s(19)
_longjmp (longjmp.o):
    _scanf.o                  ../wrk/none/_scanf.s(15)
_ltoa (ltoa.o):
    _printf.o                 common/_printf.s(12)
_main (p3.o):
    crt0.o                    crt0.s(9)
_nmi_int (bu6502interrupt.o):
    crt0.o                    crt0.s(9)
_strlen (strlen.o):
    _printf.o                 common/_printf.s(13)
_strlower (strlower.o):
    _printf.o                 common/_printf.s(13)
_tolower (tolower.o):
    _scanf.o                  ../wrk/none/_scanf.s(20)
_ultoa (ltoa.o):
    _printf.o                 common/_printf.s(12)
_vcprintf (vcprintf.o):
    cprintf.o                 conio/cprintf.s(8)
_vcscanf (vcscanf.o):
    cscanf.o                  conio/cscanf.s(10)
addysp (addysp.o):
    incsp4.o                  runtime/incsp4.s(8)
    incsp8.o                  runtime/incsp8.s(8)
    cscanf.o                  conio/cscanf.s(10)
    cprintf.o                 conio/cprintf.s(8)
addysp1 (addysp.o):
    sub.o                     runtime/sub.s(8)
    lmul.o                    runtime/lmul.s(8)
    ladd.o                    runtime/ladd.s(8)
axlong (axlong.o):
    _printf.o                 common/_printf.s(11)
axulong (axlong.o):
    _printf.o                 common/_printf.s(11)
booleq (makebool.o):
    _scanf.o                  ../wrk/none/_scanf.s(1113)
boollt (makebool.o):
    llt.o                     runtime/llt.s(8)
complax (compl.o):
    _scanf.o                  ../wrk/none/_scanf.s(1113)
copydata (copydata.o):
    crt0.o                    crt0.s(13)
decsp4 (decsp4.o):
    lpush.o                   runtime/lpush.s(11)
decsp6 (decsp6.o):
    _printf.o                 common/_printf.s(11)
decsp8 (decsp8.o):
    p3.o                      p3.s(89)
donelib (condes.o):
    crt0.o                    crt0.s(13)
inceaxy (linc.o):
    p3.o                      p3.s(89)
incsp1 (incsp1.o):
    _scanf.o                  ../wrk/none/_scanf.s(1113)
    _scanf.o                  ../wrk/none/_scanf.s(1113)
    _scanf.o                  ../wrk/none/_scanf.s(1113)
    _scanf.o                  ../wrk/none/_scanf.s(1113)
    _scanf.o                  ../wrk/none/_scanf.s(1113)
incsp4 (incsp4.o):
    lcmp.o                    runtime/lcmp.s(9)
incsp8 (incsp8.o):
    _scanf.o                  ../wrk/none/_scanf.s(1113)
    p3.o                      p3.s(89)
initlib (condes.o):
    crt0.o                    crt0.s(13)
jmpvec (jmpvec.o):
    _scanf.o                  ../wrk/none/_scanf.s(1113)
    _scanf.o                  ../wrk/none/_scanf.s(1113)
ldeaxysp (ldeaxysp.o):
    p3.o                      p3.s(89)
mulax10 (mulax10.o):
    _scanf.o                  ../wrk/none/_scanf.s(1113)
negeax (lneg.o):
    _scanf.o                  ../wrk/none/_scanf.s(1113)
popax (incsp2.o):
    ltoa.o                    common/ltoa.s(9)
    longjmp.o                 common/longjmp.s(8)
    _printf.o                 common/_printf.s(11)
    vcscanf.o                 conio/vcscanf.s(10)
    vcprintf.o                conio/vcprintf.s(8)
ptr1 (zeropage.o):
    zerobss.o                 common/zerobss.s(9)
    strlower.o                common/strlower.s(14)
    strlen.o                  common/strlen.s(8)
    setjmp.o                  common/setjmp.s(8)
    mulax10.o                 runtime/mulax10.s(9)
    ltoa.o                    common/ltoa.s(11)
    longjmp.o                 common/longjmp.s(9)
    lmul.o                    runtime/lmul.s(9)
    lcmp.o                    runtime/lcmp.s(10)
    copydata.o                common/copydata.s(9)
    _scanf.o                  ../wrk/none/_scanf.s(11)
    _printf.o                 /Users/tu/Documents/MLProject/6502/ext/install/share/cc65/asminc/zeropage.inc(12)
    vcprintf.o                conio/vcprintf.s(10)
    cscanf.o                  /Users/tu/Documents/MLProject/6502/ext/install/share/cc65/asminc/zeropage.inc(12)
    cprintf.o                 conio/cprintf.s(9)
ptr2 (zeropage.o):
    strlower.o                common/strlower.s(14)
    ltoa.o                    common/ltoa.s(11)
    longjmp.o                 common/longjmp.s(9)
    copydata.o                common/copydata.s(9)
    _printf.o                 /Users/tu/Documents/MLProject/6502/ext/install/share/cc65/asminc/zeropage.inc(12)
    vcprintf.o                conio/vcprintf.s(10)
ptr3 (zeropage.o):
    ltoa.o                    common/ltoa.s(11)
    lmul.o                    runtime/lmul.s(9)
    vcprintf.o                conio/vcprintf.s(10)
ptr4 (zeropage.o):
    swap.o                    runtime/swap.s(8)
    lmul.o                    runtime/lmul.s(9)
    linc.o                    runtime/linc.s(8)
push1 (push1.o):
    _printf.o                 common/_printf.s(11)
pusha (pusha.o):
    _scanf.o                  ../wrk/none/_scanf.s(1113)
    _scanf.o                  ../wrk/none/_scanf.s(1113)
    _scanf.o                  ../wrk/none/_scanf.s(1113)
    _scanf.o                  ../wrk/none/_scanf.s(1113)
    _scanf.o                  ../wrk/none/_scanf.s(1113)
pusha0 (pushax.o):
    push1.o                   runtime/push1.s(8)
    _scanf.o                  ../wrk/none/_scanf.s(1113)
pushax (pushax.o):
    _scanf.o                  ../wrk/none/_scanf.s(1113)
    _scanf.o                  ../wrk/none/_scanf.s(1113)
    _printf.o                 common/_printf.s(11)
    vcscanf.o                 conio/vcscanf.s(10)
    vcprintf.o                conio/vcprintf.s(8)
    cscanf.o                  conio/cscanf.s(10)
    cprintf.o                 conio/cprintf.s(8)
    p3.o                      p3.s(89)
pusheax (lpush.o):
    _scanf.o                  ../wrk/none/_scanf.s(1113)
    _printf.o                 common/_printf.s(11)
    p3.o                      p3.s(89)
regbank (zeropage.o):
    _scanf.o                  ../wrk/none/_scanf.s(10)
    _printf.o                 /Users/tu/Documents/MLProject/6502/ext/install/share/cc65/asminc/zeropage.inc(14)
regsave (zeropage.o):
    _scanf.o                  ../wrk/none/_scanf.s(10)
    lsave.o                   runtime/lsave.s(8)
resteax (lsave.o):
    p3.o                      p3.s(89)
saveeax (lsave.o):
    p3.o                      p3.s(89)
sp (zeropage.o):
    swap.o                    runtime/swap.s(8)
    sub.o                     runtime/sub.s(9)
    setjmp.o                  common/setjmp.s(8)
    pusha.o                   runtime/pusha.s(8)
    longjmp.o                 common/longjmp.s(9)
    lmul.o                    runtime/lmul.s(9)
    lcmp.o                    runtime/lcmp.s(10)
    ladd.o                    runtime/ladd.s(9)
    incsp2.o                  runtime/incsp2.s(8)
    incsp1.o                  runtime/incsp1.s(8)
    icmp.o                    runtime/icmp.s(9)
    decsp6.o                  runtime/decsp6.s(8)
    decsp4.o                  runtime/decsp4.s(8)
    addysp.o                  runtime/addysp.s(8)
    _scanf.o                  ../wrk/none/_scanf.s(10)
    _printf.o                 /Users/tu/Documents/MLProject/6502/ext/install/share/cc65/asminc/zeropage.inc(11)
    crt0.o                    /Users/tu/Documents/MLProject/datasources/6502/ext/install/share/cc65/asminc/zeropage.inc(11)
    vcprintf.o                conio/vcprintf.s(10)
    steaxsp.o                 runtime/steaxsp.s(8)
    pushax.o                  runtime/pushax.s(8)
    lpush.o                   runtime/lpush.s(12)
    ldeaxysp.o                runtime/ldeaxysp.s(12)
    decsp8.o                  runtime/decsp8.s(8)
    cscanf.o                  /Users/tu/Documents/MLProject/6502/ext/install/share/cc65/asminc/zeropage.inc(11)
    cprintf.o                 conio/cprintf.s(9)
    p3.o                      p3.s(10)
sreg (zeropage.o):
    ltoa.o                    common/ltoa.s(11)
    lneg.o                    runtime/lneg.s(11)
    lmul.o                    runtime/lmul.s(9)
    lcmp.o                    runtime/lcmp.s(10)
    ladd.o                    runtime/ladd.s(9)
    icmp.o                    runtime/icmp.s(9)
    axlong.o                  runtime/axlong.s(8)
    _scanf.o                  ../wrk/none/_scanf.s(10)
    _printf.o                 /Users/tu/Documents/MLProject/6502/ext/install/share/cc65/asminc/zeropage.inc(11)
    steaxsp.o                 runtime/steaxsp.s(8)
    lsave.o                   runtime/lsave.s(8)
    lpush.o                   runtime/lpush.s(12)
    linc.o                    runtime/linc.s(8)
    ldeaxysp.o                runtime/ldeaxysp.s(12)
    p3.o                      p3.s(10)
steaxysp (steaxsp.o):
    p3.o                      p3.s(89)
swapstk (swap.o):
    vcscanf.o                 conio/vcscanf.s(10)
tmp1 (zeropage.o):
    ltoa.o                    common/ltoa.s(11)
    ladd.o                    runtime/ladd.s(9)
    copydata.o                common/copydata.s(9)
    _printf.o                 /Users/tu/Documents/MLProject/6502/ext/install/share/cc65/asminc/zeropage.inc(13)
    vcprintf.o                conio/vcprintf.s(10)
tmp2 (zeropage.o):
    lmul.o                    runtime/lmul.s(9)
tmp3 (zeropage.o):
    lmul.o                    runtime/lmul.s(9)
tmp4 (zeropage.o):
    lmul.o                    runtime/lmul.s(9)
tosadd0ax (ladd.o):
    _scanf.o                  ../wrk/none/_scanf.s(1113)
tosicmp0 (icmp.o):
    _scanf.o                  ../wrk/none/_scanf.s(1113)
toslcmp (lcmp.o):
    llt.o                     runtime/llt.s(8)
toslteax (llt.o):
    p3.o                      p3.s(89)
tosmul0ax (lmul.o):
    _scanf.o                  ../wrk/none/_scanf.s(1113)
tossuba0 (sub.o):
    _scanf.o                  ../wrk/none/_scanf.s(1113)
zerobss (zerobss.o):
    crt0.o                    crt0.s(13)

